Archive member included to satisfy reference by file (symbol)

c:/st/stm32cubeide_1.7.0/stm32cubeide/plugins/com.st.stm32cube.ide.mcu.externaltools.gnu-tools-for-stm32.9-2020-q2-update.win32_2.0.0.202105311346/tools/bin/../lib/gcc/arm-none-eabi/9.3.1/../../../../arm-none-eabi/lib/thumb/v7-m/nofp\libc_nano.a(lib_a-errno.o)
                              ./Core/Src/syscalls.o (__errno)
c:/st/stm32cubeide_1.7.0/stm32cubeide/plugins/com.st.stm32cube.ide.mcu.externaltools.gnu-tools-for-stm32.9-2020-q2-update.win32_2.0.0.202105311346/tools/bin/../lib/gcc/arm-none-eabi/9.3.1/../../../../arm-none-eabi/lib/thumb/v7-m/nofp\libc_nano.a(lib_a-exit.o)
                              c:/st/stm32cubeide_1.7.0/stm32cubeide/plugins/com.st.stm32cube.ide.mcu.externaltools.gnu-tools-for-stm32.9-2020-q2-update.win32_2.0.0.202105311346/tools/bin/../lib/gcc/arm-none-eabi/9.3.1/../../../../arm-none-eabi/lib/thumb/v7-m/nofp/crt0.o (exit)
c:/st/stm32cubeide_1.7.0/stm32cubeide/plugins/com.st.stm32cube.ide.mcu.externaltools.gnu-tools-for-stm32.9-2020-q2-update.win32_2.0.0.202105311346/tools/bin/../lib/gcc/arm-none-eabi/9.3.1/../../../../arm-none-eabi/lib/thumb/v7-m/nofp\libc_nano.a(lib_a-impure.o)
                              c:/st/stm32cubeide_1.7.0/stm32cubeide/plugins/com.st.stm32cube.ide.mcu.externaltools.gnu-tools-for-stm32.9-2020-q2-update.win32_2.0.0.202105311346/tools/bin/../lib/gcc/arm-none-eabi/9.3.1/../../../../arm-none-eabi/lib/thumb/v7-m/nofp\libc_nano.a(lib_a-exit.o) (_global_impure_ptr)
c:/st/stm32cubeide_1.7.0/stm32cubeide/plugins/com.st.stm32cube.ide.mcu.externaltools.gnu-tools-for-stm32.9-2020-q2-update.win32_2.0.0.202105311346/tools/bin/../lib/gcc/arm-none-eabi/9.3.1/../../../../arm-none-eabi/lib/thumb/v7-m/nofp\libc_nano.a(lib_a-init.o)
                              c:/st/stm32cubeide_1.7.0/stm32cubeide/plugins/com.st.stm32cube.ide.mcu.externaltools.gnu-tools-for-stm32.9-2020-q2-update.win32_2.0.0.202105311346/tools/bin/../lib/gcc/arm-none-eabi/9.3.1/../../../../arm-none-eabi/lib/thumb/v7-m/nofp/crt0.o (__libc_init_array)
c:/st/stm32cubeide_1.7.0/stm32cubeide/plugins/com.st.stm32cube.ide.mcu.externaltools.gnu-tools-for-stm32.9-2020-q2-update.win32_2.0.0.202105311346/tools/bin/../lib/gcc/arm-none-eabi/9.3.1/../../../../arm-none-eabi/lib/thumb/v7-m/nofp\libc_nano.a(lib_a-memcpy-stub.o)
                              ./Middlewares/Third_Party/FreeRTOS/Source/CMSIS_RTOS_V2/cmsis_os2.o (memcpy)
c:/st/stm32cubeide_1.7.0/stm32cubeide/plugins/com.st.stm32cube.ide.mcu.externaltools.gnu-tools-for-stm32.9-2020-q2-update.win32_2.0.0.202105311346/tools/bin/../lib/gcc/arm-none-eabi/9.3.1/../../../../arm-none-eabi/lib/thumb/v7-m/nofp\libc_nano.a(lib_a-memset.o)
                              c:/st/stm32cubeide_1.7.0/stm32cubeide/plugins/com.st.stm32cube.ide.mcu.externaltools.gnu-tools-for-stm32.9-2020-q2-update.win32_2.0.0.202105311346/tools/bin/../lib/gcc/arm-none-eabi/9.3.1/../../../../arm-none-eabi/lib/thumb/v7-m/nofp/crt0.o (memset)

Allocating common symbols
Common symbol       size              file

defaultTaskHandle   0x4               ./Core/Src/freertos.o
ModbusH             0x144             ./Core/Src/main.o
htim4               0x48              ./Core/Src/stm32f1xx_hal_timebase_tim.o
mHandlers           0x8               ./Core/Src/freertos.o
huart3              0x40              ./Core/Src/usart.o
uwTick              0x4               ./Drivers/STM32F1xx_HAL_Driver/Src/stm32f1xx_hal.o
xQueueRegistry      0x40              ./Middlewares/Third_Party/FreeRTOS/Source/queue.o
pFlash              0x20              ./Drivers/STM32F1xx_HAL_Driver/Src/stm32f1xx_hal_flash.o
myTaskSlaveHandle   0x4               ./Core/Src/freertos.o
huart1              0x40              ./Core/Src/usart.o

Discarded input sections

 .text          0x0000000000000000        0x0 c:/st/stm32cubeide_1.7.0/stm32cubeide/plugins/com.st.stm32cube.ide.mcu.externaltools.gnu-tools-for-stm32.9-2020-q2-update.win32_2.0.0.202105311346/tools/bin/../lib/gcc/arm-none-eabi/9.3.1/thumb/v7-m/nofp/crti.o
 .data          0x0000000000000000        0x0 c:/st/stm32cubeide_1.7.0/stm32cubeide/plugins/com.st.stm32cube.ide.mcu.externaltools.gnu-tools-for-stm32.9-2020-q2-update.win32_2.0.0.202105311346/tools/bin/../lib/gcc/arm-none-eabi/9.3.1/thumb/v7-m/nofp/crti.o
 .bss           0x0000000000000000        0x0 c:/st/stm32cubeide_1.7.0/stm32cubeide/plugins/com.st.stm32cube.ide.mcu.externaltools.gnu-tools-for-stm32.9-2020-q2-update.win32_2.0.0.202105311346/tools/bin/../lib/gcc/arm-none-eabi/9.3.1/thumb/v7-m/nofp/crti.o
 .data          0x0000000000000000        0x4 c:/st/stm32cubeide_1.7.0/stm32cubeide/plugins/com.st.stm32cube.ide.mcu.externaltools.gnu-tools-for-stm32.9-2020-q2-update.win32_2.0.0.202105311346/tools/bin/../lib/gcc/arm-none-eabi/9.3.1/thumb/v7-m/nofp/crtbegin.o
[...]
Memory Configuration

Name             Origin             Length             Attributes
RAM              0x0000000020000000 0x0000000000005000 xrw
FLASH            0x0000000008000000 0x0000000000010000 xr
*default*        0x0000000000000000 0xffffffffffffffff

Linker script and memory map

LOAD c:/st/stm32cubeide_1.7.0/stm32cubeide/plugins/com.st.stm32cube.ide.mcu.externaltools.gnu-tools-for-stm32.9-2020-q2-update.win32_2.0.0.202105311346/tools/bin/../lib/gcc/arm-none-eabi/9.3.1/thumb/v7-m/nofp/crti.o
LOAD c:/st/stm32cubeide_1.7.0/stm32cubeide/plugins/com.st.stm32cube.ide.mcu.externaltools.gnu-tools-for-stm32.9-2020-q2-update.win32_2.0.0.202105311346/tools/bin/../lib/gcc/arm-none-eabi/9.3.1/thumb/v7-m/nofp/crtbegin.o
LOAD c:/st/stm32cubeide_1.7.0/stm32cubeide/plugins/com.st.stm32cube.ide.mcu.externaltools.gnu-tools-for-stm32.9-2020-q2-update.win32_2.0.0.202105311346/tools/bin/../lib/gcc/arm-none-eabi/9.3.1/../../../../arm-none-eabi/lib/thumb/v7-m/nofp/crt0.o
LOAD ./Core/Src/freertos.o
LOAD ./Core/Src/gpio.o
LOAD ./Core/Src/main.o
LOAD ./Core/Src/stm32f1xx_hal_msp.o
LOAD ./Core/Src/stm32f1xx_hal_timebase_tim.o
LOAD ./Core/Src/stm32f1xx_it.o
LOAD ./Core/Src/syscalls.o
LOAD ./Core/Src/sysmem.o
LOAD ./Core/Src/system_stm32f1xx.o
LOAD ./Core/Src/usart.o
LOAD ./Core/Startup/startup_stm32f103c8tx.o
LOAD ./Drivers/STM32F1xx_HAL_Driver/Src/stm32f1xx_hal.o
LOAD ./Drivers/STM32F1xx_HAL_Driver/Src/stm32f1xx_hal_cortex.o
LOAD ./Drivers/STM32F1xx_HAL_Driver/Src/stm32f1xx_hal_dma.o
LOAD ./Drivers/STM32F1xx_HAL_Driver/Src/stm32f1xx_hal_exti.o
LOAD ./Drivers/STM32F1xx_HAL_Driver/Src/stm32f1xx_hal_flash.o
LOAD ./Drivers/STM32F1xx_HAL_Driver/Src/stm32f1xx_hal_flash_ex.o
LOAD ./Drivers/STM32F1xx_HAL_Driver/Src/stm32f1xx_hal_gpio.o
LOAD ./Drivers/STM32F1xx_HAL_Driver/Src/stm32f1xx_hal_gpio_ex.o
LOAD ./Drivers/STM32F1xx_HAL_Driver/Src/stm32f1xx_hal_pwr.o
LOAD ./Drivers/STM32F1xx_HAL_Driver/Src/stm32f1xx_hal_rcc.o
LOAD ./Drivers/STM32F1xx_HAL_Driver/Src/stm32f1xx_hal_rcc_ex.o
LOAD ./Drivers/STM32F1xx_HAL_Driver/Src/stm32f1xx_hal_tim.o
LOAD ./Drivers/STM32F1xx_HAL_Driver/Src/stm32f1xx_hal_tim_ex.o
LOAD ./Drivers/STM32F1xx_HAL_Driver/Src/stm32f1xx_hal_uart.o
LOAD ./Middlewares/Third_Party/FreeRTOS/Source/CMSIS_RTOS_V2/cmsis_os2.o
LOAD ./Middlewares/Third_Party/FreeRTOS/Source/croutine.o
LOAD ./Middlewares/Third_Party/FreeRTOS/Source/event_groups.o
LOAD ./Middlewares/Third_Party/FreeRTOS/Source/list.o
LOAD ./Middlewares/Third_Party/FreeRTOS/Source/queue.o
LOAD ./Middlewares/Third_Party/FreeRTOS/Source/stream_buffer.o
LOAD ./Middlewares/Third_Party/FreeRTOS/Source/tasks.o
LOAD ./Middlewares/Third_Party/FreeRTOS/Source/timers.o
LOAD ./Middlewares/Third_Party/FreeRTOS/Source/portable/GCC/ARM_CM3/port.o
LOAD ./Middlewares/Third_Party/FreeRTOS/Source/portable/MemMang/heap_4.o
LOAD ./Middlewares/Third_Party/MODBUS-LIB/Src/Modbus.o
LOAD ./Middlewares/Third_Party/MODBUS-LIB/Src/UARTCallback.o
START GROUP
LOAD c:/st/stm32cubeide_1.7.0/stm32cubeide/plugins/com.st.stm32cube.ide.mcu.externaltools.gnu-tools-for-stm32.9-2020-q2-update.win32_2.0.0.202105311346/tools/bin/../lib/gcc/arm-none-eabi/9.3.1/../../../../arm-none-eabi/lib/thumb/v7-m/nofp\libc_nano.a
LOAD c:/st/stm32cubeide_1.7.0/stm32cubeide/plugins/com.st.stm32cube.ide.mcu.externaltools.gnu-tools-for-stm32.9-2020-q2-update.win32_2.0.0.202105311346/tools/bin/../lib/gcc/arm-none-eabi/9.3.1/../../../../arm-none-eabi/lib/thumb/v7-m/nofp\libm.a
END GROUP
START GROUP
LOAD c:/st/stm32cubeide_1.7.0/stm32cubeide/plugins/com.st.stm32cube.ide.mcu.externaltools.gnu-tools-for-stm32.9-2020-q2-update.win32_2.0.0.202105311346/tools/bin/../lib/gcc/arm-none-eabi/9.3.1/thumb/v7-m/nofp\libgcc.a
LOAD c:/st/stm32cubeide_1.7.0/stm32cubeide/plugins/com.st.stm32cube.ide.mcu.externaltools.gnu-tools-for-stm32.9-2020-q2-update.win32_2.0.0.202105311346/tools/bin/../lib/gcc/arm-none-eabi/9.3.1/../../../../arm-none-eabi/lib/thumb/v7-m/nofp\libc_nano.a
END GROUP
START GROUP
LOAD c:/st/stm32cubeide_1.7.0/stm32cubeide/plugins/com.st.stm32cube.ide.mcu.externaltools.gnu-tools-for-stm32.9-2020-q2-update.win32_2.0.0.202105311346/tools/bin/../lib/gcc/arm-none-eabi/9.3.1/thumb/v7-m/nofp\libgcc.a
LOAD c:/st/stm32cubeide_1.7.0/stm32cubeide/plugins/com.st.stm32cube.ide.mcu.externaltools.gnu-tools-for-stm32.9-2020-q2-update.win32_2.0.0.202105311346/tools/bin/../lib/gcc/arm-none-eabi/9.3.1/../../../../arm-none-eabi/lib/thumb/v7-m/nofp\libc_nano.a
LOAD c:/st/stm32cubeide_1.7.0/stm32cubeide/plugins/com.st.stm32cube.ide.mcu.externaltools.gnu-tools-for-stm32.9-2020-q2-update.win32_2.0.0.202105311346/tools/bin/../lib/gcc/arm-none-eabi/9.3.1/../../../../arm-none-eabi/lib/thumb/v7-m/nofp\libnosys.a
END GROUP
START GROUP
LOAD c:/st/stm32cubeide_1.7.0/stm32cubeide/plugins/com.st.stm32cube.ide.mcu.externaltools.gnu-tools-for-stm32.9-2020-q2-update.win32_2.0.0.202105311346/tools/bin/../lib/gcc/arm-none-eabi/9.3.1/thumb/v7-m/nofp\libgcc.a
LOAD c:/st/stm32cubeide_1.7.0/stm32cubeide/plugins/com.st.stm32cube.ide.mcu.externaltools.gnu-tools-for-stm32.9-2020-q2-update.win32_2.0.0.202105311346/tools/bin/../lib/gcc/arm-none-eabi/9.3.1/../../../../arm-none-eabi/lib/thumb/v7-m/nofp\libc_nano.a
LOAD c:/st/stm32cubeide_1.7.0/stm32cubeide/plugins/com.st.stm32cube.ide.mcu.externaltools.gnu-tools-for-stm32.9-2020-q2-update.win32_2.0.0.202105311346/tools/bin/../lib/gcc/arm-none-eabi/9.3.1/../../../../arm-none-eabi/lib/thumb/v7-m/nofp\libnosys.a
END GROUP
LOAD c:/st/stm32cubeide_1.7.0/stm32cubeide/plugins/com.st.stm32cube.ide.mcu.externaltools.gnu-tools-for-stm32.9-2020-q2-update.win32_2.0.0.202105311346/tools/bin/../lib/gcc/arm-none-eabi/9.3.1/thumb/v7-m/nofp/crtend.o
LOAD c:/st/stm32cubeide_1.7.0/stm32cubeide/plugins/com.st.stm32cube.ide.mcu.externaltools.gnu-tools-for-stm32.9-2020-q2-update.win32_2.0.0.202105311346/tools/bin/../lib/gcc/arm-none-eabi/9.3.1/thumb/v7-m/nofp/crtn.o
                0x0000000020005000                _estack = (ORIGIN (RAM) + LENGTH (RAM))
                0x0000000000000200                _Min_Heap_Size = 0x200
                0x0000000000000400                _Min_Stack_Size = 0x400

.isr_vector     0x0000000008000000      0x10c
                0x0000000008000000                . = ALIGN (0x4)
 *(.isr_vector)
 .isr_vector    0x0000000008000000      0x10c ./Core/Startup/startup_stm32f103c8tx.o
                0x0000000008000000                g_pfnVectors
                0x000000000800010c                . = ALIGN (0x4)

.text           0x0000000008000110     0x726c
                0x0000000008000110                . = ALIGN (0x4)
 *(.text)
 .text          0x0000000008000110       0x40 c:/st/stm32cubeide_1.7.0/stm32cubeide/plugins/com.st.stm32cube.ide.mcu.externaltools.gnu-tools-for-stm32.9-2020-q2-update.win32_2.0.0.202105311346/tools/bin/../lib/gcc/arm-none-eabi/9.3.1/thumb/v7-m/nofp/crtbegin.o
 *(.text*)
 .text.MX_FREERTOS_Init
                0x0000000008000150       0x40 ./Core/Src/freertos.o
                0x0000000008000150                MX_FREERTOS_Init
 .text.StartDefaultTask
                0x0000000008000190       0x10 ./Core/Src/freertos.o
                0x0000000008000190                StartDefaultTask
 .text.StartTaskSlave
                0x00000000080001a0       0x54 ./Core/Src/freertos.o
                0x00000000080001a0                StartTaskSlave
 .text.MX_GPIO_Init
                0x00000000080001f4       0xb0 ./Core/Src/gpio.o
                0x00000000080001f4                MX_GPIO_Init
 .text.main     0x00000000080002a4       0x78 ./Core/Src/main.o
                0x00000000080002a4                main
 .text.SystemClock_Config
                0x000000000800031c       0x8a ./Core/Src/main.o
                0x000000000800031c                SystemClock_Config
 *fill*         0x00000000080003a6        0x2 
 .text.HAL_TIM_PeriodElapsedCallback
                0x00000000080003a8       0x24 ./Core/Src/main.o
                0x00000000080003a8                HAL_TIM_PeriodElapsedCallback
 .text.Error_Handler
                0x00000000080003cc        0xa ./Core/Src/main.o
                0x00000000080003cc                Error_Handler
 *fill*         0x00000000080003d6        0x2 
 .text.HAL_MspInit
                0x00000000080003d8       0x70 ./Core/Src/stm32f1xx_hal_msp.o
                0x00000000080003d8                HAL_MspInit
 .text.HAL_InitTick
                0x0000000008000448       0xb0 ./Core/Src/stm32f1xx_hal_timebase_tim.o
                0x0000000008000448                HAL_InitTick
 .text.NMI_Handler
                0x00000000080004f8        0x6 ./Core/Src/stm32f1xx_it.o
                0x00000000080004f8                NMI_Handler
 .text.HardFault_Handler
                0x00000000080004fe        0x6 ./Core/Src/stm32f1xx_it.o
                0x00000000080004fe                HardFault_Handler
 .text.MemManage_Handler
                0x0000000008000504        0x6 ./Core/Src/stm32f1xx_it.o
                0x0000000008000504                MemManage_Handler
 .text.BusFault_Handler
                0x000000000800050a        0x6 ./Core/Src/stm32f1xx_it.o
                0x000000000800050a                BusFault_Handler
 .text.UsageFault_Handler
                0x0000000008000510        0x6 ./Core/Src/stm32f1xx_it.o
                0x0000000008000510                UsageFault_Handler
 .text.DebugMon_Handler
                0x0000000008000516        0xc ./Core/Src/stm32f1xx_it.o
                0x0000000008000516                DebugMon_Handler
 *fill*         0x0000000008000522        0x2 
 .text.TIM4_IRQHandler
                0x0000000008000524       0x14 ./Core/Src/stm32f1xx_it.o
                0x0000000008000524                TIM4_IRQHandler
 .text.USART1_IRQHandler
                0x0000000008000538       0x14 ./Core/Src/stm32f1xx_it.o
                0x0000000008000538                USART1_IRQHandler
 .text.USART3_IRQHandler
                0x000000000800054c       0x14 ./Core/Src/stm32f1xx_it.o
                0x000000000800054c                USART3_IRQHandler
 .text.SystemInit
                0x0000000008000560        0xc ./Core/Src/system_stm32f1xx.o
                0x0000000008000560                SystemInit
 .text.MX_USART1_UART_Init
                0x000000000800056c       0x54 ./Core/Src/usart.o
                0x000000000800056c                MX_USART1_UART_Init
 .text.MX_USART3_UART_Init
                0x00000000080005c0       0x54 ./Core/Src/usart.o
                0x00000000080005c0                MX_USART3_UART_Init
 .text.HAL_UART_MspInit
                0x0000000008000614      0x130 ./Core/Src/usart.o
                0x0000000008000614                HAL_UART_MspInit
 .text.Reset_Handler
                0x0000000008000744       0x48 ./Core/Startup/startup_stm32f103c8tx.o
                0x0000000008000744                Reset_Handler
 .text.Default_Handler
                0x000000000800078c        0x2 ./Core/Startup/startup_stm32f103c8tx.o
                0x000000000800078c                RTC_Alarm_IRQHandler
                0x000000000800078c                EXTI2_IRQHandler
                0x000000000800078c                TIM1_CC_IRQHandler
                0x000000000800078c                PVD_IRQHandler
                0x000000000800078c                EXTI3_IRQHandler
                0x000000000800078c                EXTI0_IRQHandler
                0x000000000800078c                I2C2_EV_IRQHandler
                0x000000000800078c                ADC1_2_IRQHandler
                0x000000000800078c                SPI1_IRQHandler
                0x000000000800078c                TAMPER_IRQHandler
                0x000000000800078c                DMA1_Channel4_IRQHandler
                0x000000000800078c                RTC_IRQHandler
                0x000000000800078c                DMA1_Channel7_IRQHandler
                0x000000000800078c                CAN1_RX1_IRQHandler
                0x000000000800078c                I2C1_EV_IRQHandler
                0x000000000800078c                DMA1_Channel6_IRQHandler
                0x000000000800078c                TIM3_IRQHandler
                0x000000000800078c                RCC_IRQHandler
                0x000000000800078c                TIM1_TRG_COM_IRQHandler
                0x000000000800078c                DMA1_Channel1_IRQHandler
                0x000000000800078c                Default_Handler
                0x000000000800078c                EXTI15_10_IRQHandler
                0x000000000800078c                EXTI9_5_IRQHandler
                0x000000000800078c                SPI2_IRQHandler
                0x000000000800078c                DMA1_Channel5_IRQHandler
                0x000000000800078c                EXTI4_IRQHandler
                0x000000000800078c                USB_LP_CAN1_RX0_IRQHandler
                0x000000000800078c                USB_HP_CAN1_TX_IRQHandler
                0x000000000800078c                DMA1_Channel3_IRQHandler
                0x000000000800078c                TIM1_UP_IRQHandler
                0x000000000800078c                WWDG_IRQHandler
                0x000000000800078c                TIM2_IRQHandler
                0x000000000800078c                TIM1_BRK_IRQHandler
                0x000000000800078c                EXTI1_IRQHandler
                0x000000000800078c                USART2_IRQHandler
                0x000000000800078c                I2C2_ER_IRQHandler
                0x000000000800078c                DMA1_Channel2_IRQHandler
                0x000000000800078c                CAN1_SCE_IRQHandler
                0x000000000800078c                FLASH_IRQHandler
                0x000000000800078c                I2C1_ER_IRQHandler
                0x000000000800078c                USBWakeUp_IRQHandler
 *fill*         0x000000000800078e        0x2 
 .text.HAL_Init
                0x0000000008000790       0x2c ./Drivers/STM32F1xx_HAL_Driver/Src/stm32f1xx_hal.o
                0x0000000008000790                HAL_Init
 .text.HAL_IncTick
                0x00000000080007bc       0x24 ./Drivers/STM32F1xx_HAL_Driver/Src/stm32f1xx_hal.o
                0x00000000080007bc                HAL_IncTick
 .text.HAL_GetTick
                0x00000000080007e0       0x14 ./Drivers/STM32F1xx_HAL_Driver/Src/stm32f1xx_hal.o
                0x00000000080007e0                HAL_GetTick
 .text.__NVIC_SetPriorityGrouping
                0x00000000080007f4       0x48 ./Drivers/STM32F1xx_HAL_Driver/Src/stm32f1xx_hal_cortex.o
 .text.__NVIC_GetPriorityGrouping
                0x000000000800083c       0x1c ./Drivers/STM32F1xx_HAL_Driver/Src/stm32f1xx_hal_cortex.o
 .text.__NVIC_EnableIRQ
                0x0000000008000858       0x38 ./Drivers/STM32F1xx_HAL_Driver/Src/stm32f1xx_hal_cortex.o
 .text.__NVIC_SetPriority
                0x0000000008000890       0x54 ./Drivers/STM32F1xx_HAL_Driver/Src/stm32f1xx_hal_cortex.o
 .text.NVIC_EncodePriority
                0x00000000080008e4       0x64 ./Drivers/STM32F1xx_HAL_Driver/Src/stm32f1xx_hal_cortex.o
 .text.HAL_NVIC_SetPriorityGrouping
                0x0000000008000948       0x16 ./Drivers/STM32F1xx_HAL_Driver/Src/stm32f1xx_hal_cortex.o
                0x0000000008000948                HAL_NVIC_SetPriorityGrouping
 .text.HAL_NVIC_SetPriority
                0x000000000800095e       0x38 ./Drivers/STM32F1xx_HAL_Driver/Src/stm32f1xx_hal_cortex.o
                0x000000000800095e                HAL_NVIC_SetPriority
 .text.HAL_NVIC_EnableIRQ
                0x0000000008000996       0x1c ./Drivers/STM32F1xx_HAL_Driver/Src/stm32f1xx_hal_cortex.o
                0x0000000008000996                HAL_NVIC_EnableIRQ
 *fill*         0x00000000080009b2        0x2 
 .text.HAL_DMA_Abort_IT
                0x00000000080009b4       0xec ./Drivers/STM32F1xx_HAL_Driver/Src/stm32f1xx_hal_dma.o
                0x00000000080009b4                HAL_DMA_Abort_IT
 .text.HAL_GPIO_Init
                0x0000000008000aa0      0x308 ./Drivers/STM32F1xx_HAL_Driver/Src/stm32f1xx_hal_gpio.o
                0x0000000008000aa0                HAL_GPIO_Init
 .text.HAL_GPIO_WritePin
                0x0000000008000da8       0x30 ./Drivers/STM32F1xx_HAL_Driver/Src/stm32f1xx_hal_gpio.o
                0x0000000008000da8                HAL_GPIO_WritePin
 .text.HAL_RCC_OscConfig
                0x0000000008000dd8      0x500 ./Drivers/STM32F1xx_HAL_Driver/Src/stm32f1xx_hal_rcc.o
                0x0000000008000dd8                HAL_RCC_OscConfig
 .text.HAL_RCC_ClockConfig
                0x00000000080012d8      0x1d4 ./Drivers/STM32F1xx_HAL_Driver/Src/stm32f1xx_hal_rcc.o
                0x00000000080012d8                HAL_RCC_ClockConfig
 .text.HAL_RCC_GetSysClockFreq
                0x00000000080014ac       0xc0 ./Drivers/STM32F1xx_HAL_Driver/Src/stm32f1xx_hal_rcc.o
                0x00000000080014ac                HAL_RCC_GetSysClockFreq
 .text.HAL_RCC_GetHCLKFreq
                0x000000000800156c       0x14 ./Drivers/STM32F1xx_HAL_Driver/Src/stm32f1xx_hal_rcc.o
                0x000000000800156c                HAL_RCC_GetHCLKFreq
 .text.HAL_RCC_GetPCLK1Freq
                0x0000000008001580       0x28 ./Drivers/STM32F1xx_HAL_Driver/Src/stm32f1xx_hal_rcc.o
                0x0000000008001580                HAL_RCC_GetPCLK1Freq
 .text.HAL_RCC_GetPCLK2Freq
                0x00000000080015a8       0x28 ./Drivers/STM32F1xx_HAL_Driver/Src/stm32f1xx_hal_rcc.o
                0x00000000080015a8                HAL_RCC_GetPCLK2Freq
 .text.HAL_RCC_GetClockConfig
                0x00000000080015d0       0x60 ./Drivers/STM32F1xx_HAL_Driver/Src/stm32f1xx_hal_rcc.o
                0x00000000080015d0                HAL_RCC_GetClockConfig
 .text.RCC_Delay
                0x0000000008001630       0x3c ./Drivers/STM32F1xx_HAL_Driver/Src/stm32f1xx_hal_rcc.o
 .text.HAL_TIM_Base_Init
                0x000000000800166c       0x9e ./Drivers/STM32F1xx_HAL_Driver/Src/stm32f1xx_hal_tim.o
                0x000000000800166c                HAL_TIM_Base_Init
 .text.HAL_TIM_Base_MspInit
                0x000000000800170a       0x12 ./Drivers/STM32F1xx_HAL_Driver/Src/stm32f1xx_hal_tim.o
                0x000000000800170a                HAL_TIM_Base_MspInit
 .text.HAL_TIM_Base_Start_IT
                0x000000000800171c       0xa4 ./Drivers/STM32F1xx_HAL_Driver/Src/stm32f1xx_hal_tim.o
                0x000000000800171c                HAL_TIM_Base_Start_IT
 .text.HAL_TIM_IRQHandler
                0x00000000080017c0      0x210 ./Drivers/STM32F1xx_HAL_Driver/Src/stm32f1xx_hal_tim.o
                0x00000000080017c0                HAL_TIM_IRQHandler
 .text.HAL_TIM_OC_DelayElapsedCallback
                0x00000000080019d0       0x12 ./Drivers/STM32F1xx_HAL_Driver/Src/stm32f1xx_hal_tim.o
                0x00000000080019d0                HAL_TIM_OC_DelayElapsedCallback
 .text.HAL_TIM_IC_CaptureCallback
                0x00000000080019e2       0x12 ./Drivers/STM32F1xx_HAL_Driver/Src/stm32f1xx_hal_tim.o
                0x00000000080019e2                HAL_TIM_IC_CaptureCallback
 .text.HAL_TIM_PWM_PulseFinishedCallback
                0x00000000080019f4       0x12 ./Drivers/STM32F1xx_HAL_Driver/Src/stm32f1xx_hal_tim.o
                0x00000000080019f4                HAL_TIM_PWM_PulseFinishedCallback
 .text.HAL_TIM_TriggerCallback
                0x0000000008001a06       0x12 ./Drivers/STM32F1xx_HAL_Driver/Src/stm32f1xx_hal_tim.o
                0x0000000008001a06                HAL_TIM_TriggerCallback
 .text.TIM_Base_SetConfig
                0x0000000008001a18       0xc4 ./Drivers/STM32F1xx_HAL_Driver/Src/stm32f1xx_hal_tim.o
                0x0000000008001a18                TIM_Base_SetConfig
 .text.HAL_TIMEx_CommutCallback
                0x0000000008001adc       0x12 ./Drivers/STM32F1xx_HAL_Driver/Src/stm32f1xx_hal_tim_ex.o
                0x0000000008001adc                HAL_TIMEx_CommutCallback
 .text.HAL_TIMEx_BreakCallback
                0x0000000008001aee       0x12 ./Drivers/STM32F1xx_HAL_Driver/Src/stm32f1xx_hal_tim_ex.o
                0x0000000008001aee                HAL_TIMEx_BreakCallback
 .text.HAL_UART_Init
                0x0000000008001b00       0x9a ./Drivers/STM32F1xx_HAL_Driver/Src/stm32f1xx_hal_uart.o
                0x0000000008001b00                HAL_UART_Init
 .text.HAL_UART_Transmit_IT
                0x0000000008001b9a       0x88 ./Drivers/STM32F1xx_HAL_Driver/Src/stm32f1xx_hal_uart.o
                0x0000000008001b9a                HAL_UART_Transmit_IT
 .text.HAL_UART_Receive_IT
                0x0000000008001c22       0xa8 ./Drivers/STM32F1xx_HAL_Driver/Src/stm32f1xx_hal_uart.o
                0x0000000008001c22                HAL_UART_Receive_IT
 *fill*         0x0000000008001cca        0x2 
 .text.HAL_UART_AbortReceive_IT
                0x0000000008001ccc       0xb0 ./Drivers/STM32F1xx_HAL_Driver/Src/stm32f1xx_hal_uart.o
                0x0000000008001ccc                HAL_UART_AbortReceive_IT
 .text.HAL_UART_IRQHandler
                0x0000000008001d7c      0x200 ./Drivers/STM32F1xx_HAL_Driver/Src/stm32f1xx_hal_uart.o
                0x0000000008001d7c                HAL_UART_IRQHandler
 .text.HAL_UART_ErrorCallback
                0x0000000008001f7c       0x12 ./Drivers/STM32F1xx_HAL_Driver/Src/stm32f1xx_hal_uart.o
                0x0000000008001f7c                HAL_UART_ErrorCallback
 .text.HAL_UART_AbortReceiveCpltCallback
                0x0000000008001f8e       0x12 ./Drivers/STM32F1xx_HAL_Driver/Src/stm32f1xx_hal_uart.o
                0x0000000008001f8e                HAL_UART_AbortReceiveCpltCallback
 .text.HAL_HalfDuplex_EnableTransmitter
                0x0000000008001fa0       0x66 ./Drivers/STM32F1xx_HAL_Driver/Src/stm32f1xx_hal_uart.o
                0x0000000008001fa0                HAL_HalfDuplex_EnableTransmitter
 .text.HAL_HalfDuplex_EnableReceiver
                0x0000000008002006       0x66 ./Drivers/STM32F1xx_HAL_Driver/Src/stm32f1xx_hal_uart.o
                0x0000000008002006                HAL_HalfDuplex_EnableReceiver
 .text.HAL_UART_GetState
                0x000000000800206c       0x3a ./Drivers/STM32F1xx_HAL_Driver/Src/stm32f1xx_hal_uart.o
                0x000000000800206c                HAL_UART_GetState
 .text.UART_EndRxTransfer
                0x00000000080020a6       0x3a ./Drivers/STM32F1xx_HAL_Driver/Src/stm32f1xx_hal_uart.o
 .text.UART_DMAAbortOnError
                0x00000000080020e0       0x28 ./Drivers/STM32F1xx_HAL_Driver/Src/stm32f1xx_hal_uart.o
 .text.UART_DMARxOnlyAbortCallback
                0x0000000008002108       0x2a ./Drivers/STM32F1xx_HAL_Driver/Src/stm32f1xx_hal_uart.o
 .text.UART_Transmit_IT
                0x0000000008002132       0x9e ./Drivers/STM32F1xx_HAL_Driver/Src/stm32f1xx_hal_uart.o
 .text.UART_EndTransmit_IT
                0x00000000080021d0       0x30 ./Drivers/STM32F1xx_HAL_Driver/Src/stm32f1xx_hal_uart.o
 .text.UART_Receive_IT
                0x0000000008002200      0x100 ./Drivers/STM32F1xx_HAL_Driver/Src/stm32f1xx_hal_uart.o
 .text.UART_SetConfig
                0x0000000008002300      0x11c ./Drivers/STM32F1xx_HAL_Driver/Src/stm32f1xx_hal_uart.o
 .text.osKernelInitialize
                0x000000000800241c       0x64 ./Middlewares/Third_Party/FreeRTOS/Source/CMSIS_RTOS_V2/cmsis_os2.o
                0x000000000800241c                osKernelInitialize
 .text.osKernelStart
                0x0000000008002480       0x68 ./Middlewares/Third_Party/FreeRTOS/Source/CMSIS_RTOS_V2/cmsis_os2.o
                0x0000000008002480                osKernelStart
 .text.osThreadNew
                0x00000000080024e8      0x154 ./Middlewares/Third_Party/FreeRTOS/Source/CMSIS_RTOS_V2/cmsis_os2.o
                0x00000000080024e8                osThreadNew
 .text.osDelay  0x000000000800263c       0x5c ./Middlewares/Third_Party/FreeRTOS/Source/CMSIS_RTOS_V2/cmsis_os2.o
                0x000000000800263c                osDelay
 .text.osSemaphoreNew
                0x0000000008002698      0x138 ./Middlewares/Third_Party/FreeRTOS/Source/CMSIS_RTOS_V2/cmsis_os2.o
                0x0000000008002698                osSemaphoreNew
 .text.osMessageQueueNew
                0x00000000080027d0      0x10c ./Middlewares/Third_Party/FreeRTOS/Source/CMSIS_RTOS_V2/cmsis_os2.o
                0x00000000080027d0                osMessageQueueNew
 .text.vApplicationGetIdleTaskMemory
                0x00000000080028dc       0x30 ./Middlewares/Third_Party/FreeRTOS/Source/CMSIS_RTOS_V2/cmsis_os2.o
                0x00000000080028dc                vApplicationGetIdleTaskMemory
 .text.vApplicationGetTimerTaskMemory
                0x000000000800290c       0x34 ./Middlewares/Third_Party/FreeRTOS/Source/CMSIS_RTOS_V2/cmsis_os2.o
                0x000000000800290c                vApplicationGetTimerTaskMemory
 .text.vListInitialise
                0x0000000008002940       0x3e ./Middlewares/Third_Party/FreeRTOS/Source/list.o
                0x0000000008002940                vListInitialise
 .text.vListInitialiseItem
                0x000000000800297e       0x18 ./Middlewares/Third_Party/FreeRTOS/Source/list.o
                0x000000000800297e                vListInitialiseItem
 .text.vListInsertEnd
                0x0000000008002996       0x46 ./Middlewares/Third_Party/FreeRTOS/Source/list.o
                0x0000000008002996                vListInsertEnd
 .text.vListInsert
                0x00000000080029dc       0x70 ./Middlewares/Third_Party/FreeRTOS/Source/list.o
                0x00000000080029dc                vListInsert
 .text.uxListRemove
                0x0000000008002a4c       0x52 ./Middlewares/Third_Party/FreeRTOS/Source/list.o
                0x0000000008002a4c                uxListRemove
 *fill*         0x0000000008002a9e        0x2 
 .text.xQueueGenericReset
                0x0000000008002aa0       0xd0 ./Middlewares/Third_Party/FreeRTOS/Source/queue.o
                0x0000000008002aa0                xQueueGenericReset
 .text.xQueueGenericCreateStatic
                0x0000000008002b70       0xee ./Middlewares/Third_Party/FreeRTOS/Source/queue.o
                0x0000000008002b70                xQueueGenericCreateStatic
 .text.xQueueGenericCreate
                0x0000000008002c5e       0x7c ./Middlewares/Third_Party/FreeRTOS/Source/queue.o
                0x0000000008002c5e                xQueueGenericCreate
 .text.prvInitialiseNewQueue
                0x0000000008002cda       0x46 ./Middlewares/Third_Party/FreeRTOS/Source/queue.o
 .text.xQueueCreateCountingSemaphoreStatic
                0x0000000008002d20       0x6e ./Middlewares/Third_Party/FreeRTOS/Source/queue.o
                0x0000000008002d20                xQueueCreateCountingSemaphoreStatic
 .text.xQueueCreateCountingSemaphore
                0x0000000008002d8e       0x66 ./Middlewares/Third_Party/FreeRTOS/Source/queue.o
                0x0000000008002d8e                xQueueCreateCountingSemaphore
 .text.xQueueGenericSend
                0x0000000008002df4      0x1fc ./Middlewares/Third_Party/FreeRTOS/Source/queue.o
                0x0000000008002df4                xQueueGenericSend
 .text.xQueueGenericSendFromISR
                0x0000000008002ff0      0x130 ./Middlewares/Third_Party/FreeRTOS/Source/queue.o
                0x0000000008002ff0                xQueueGenericSendFromISR
 .text.xQueueReceive
                0x0000000008003120      0x1c0 ./Middlewares/Third_Party/FreeRTOS/Source/queue.o
                0x0000000008003120                xQueueReceive
 .text.xQueueSemaphoreTake
                0x00000000080032e0      0x218 ./Middlewares/Third_Party/FreeRTOS/Source/queue.o
                0x00000000080032e0                xQueueSemaphoreTake
 .text.vQueueDelete
                0x00000000080034f8       0x46 ./Middlewares/Third_Party/FreeRTOS/Source/queue.o
                0x00000000080034f8                vQueueDelete
 .text.prvGetDisinheritPriorityAfterTimeout
                0x000000000800353e       0x2e ./Middlewares/Third_Party/FreeRTOS/Source/queue.o
 .text.prvCopyDataToQueue
                0x000000000800356c       0xd4 ./Middlewares/Third_Party/FreeRTOS/Source/queue.o
 .text.prvCopyDataFromQueue
                0x0000000008003640       0x4c ./Middlewares/Third_Party/FreeRTOS/Source/queue.o
 .text.prvUnlockQueue
                0x000000000800368c       0xa4 ./Middlewares/Third_Party/FreeRTOS/Source/queue.o
 .text.prvIsQueueEmpty
                0x0000000008003730       0x2c ./Middlewares/Third_Party/FreeRTOS/Source/queue.o
 .text.prvIsQueueFull
                0x000000000800375c       0x30 ./Middlewares/Third_Party/FreeRTOS/Source/queue.o
 .text.vQueueAddToRegistry
                0x000000000800378c       0x50 ./Middlewares/Third_Party/FreeRTOS/Source/queue.o
                0x000000000800378c                vQueueAddToRegistry
 .text.vQueueUnregisterQueue
                0x00000000080037dc       0x54 ./Middlewares/Third_Party/FreeRTOS/Source/queue.o
                0x00000000080037dc                vQueueUnregisterQueue
 .text.vQueueWaitForMessageRestricted
                0x0000000008003830       0x68 ./Middlewares/Third_Party/FreeRTOS/Source/queue.o
                0x0000000008003830                vQueueWaitForMessageRestricted
 .text.xTaskCreateStatic
                0x0000000008003898       0xb8 ./Middlewares/Third_Party/FreeRTOS/Source/tasks.o
                0x0000000008003898                xTaskCreateStatic
 .text.xTaskCreate
                0x0000000008003950       0x8a ./Middlewares/Third_Party/FreeRTOS/Source/tasks.o
                0x0000000008003950                xTaskCreate
 .text.prvInitialiseNewTask
                0x00000000080039da      0x10e ./Middlewares/Third_Party/FreeRTOS/Source/tasks.o
 .text.prvAddNewTaskToReadyList
                0x0000000008003ae8       0xe0 ./Middlewares/Third_Party/FreeRTOS/Source/tasks.o
 .text.vTaskDelay
                0x0000000008003bc8       0x68 ./Middlewares/Third_Party/FreeRTOS/Source/tasks.o
                0x0000000008003bc8                vTaskDelay
 .text.vTaskStartScheduler
                0x0000000008003c30       0xcc ./Middlewares/Third_Party/FreeRTOS/Source/tasks.o
                0x0000000008003c30                vTaskStartScheduler
 .text.vTaskSuspendAll
                0x0000000008003cfc       0x1c ./Middlewares/Third_Party/FreeRTOS/Source/tasks.o
                0x0000000008003cfc                vTaskSuspendAll
 .text.xTaskResumeAll
                0x0000000008003d18      0x13c ./Middlewares/Third_Party/FreeRTOS/Source/tasks.o
                0x0000000008003d18                xTaskResumeAll
 .text.xTaskGetTickCount
                0x0000000008003e54       0x1c ./Middlewares/Third_Party/FreeRTOS/Source/tasks.o
                0x0000000008003e54                xTaskGetTickCount
 .text.xTaskGetTickCountFromISR
                0x0000000008003e70       0x24 ./Middlewares/Third_Party/FreeRTOS/Source/tasks.o
                0x0000000008003e70                xTaskGetTickCountFromISR
 .text.xTaskIncrementTick
                0x0000000008003e94      0x17c ./Middlewares/Third_Party/FreeRTOS/Source/tasks.o
                0x0000000008003e94                xTaskIncrementTick
 .text.vTaskSwitchContext
                0x0000000008004010       0xb8 ./Middlewares/Third_Party/FreeRTOS/Source/tasks.o
                0x0000000008004010                vTaskSwitchContext
 .text.vTaskPlaceOnEventList
                0x00000000080040c8       0x48 ./Middlewares/Third_Party/FreeRTOS/Source/tasks.o
                0x00000000080040c8                vTaskPlaceOnEventList
 .text.vTaskPlaceOnEventListRestricted
                0x0000000008004110       0x58 ./Middlewares/Third_Party/FreeRTOS/Source/tasks.o
                0x0000000008004110                vTaskPlaceOnEventListRestricted
 .text.xTaskRemoveFromEventList
                0x0000000008004168       0xc8 ./Middlewares/Third_Party/FreeRTOS/Source/tasks.o
                0x0000000008004168                xTaskRemoveFromEventList
 .text.vTaskInternalSetTimeOutState
                0x0000000008004230       0x2c ./Middlewares/Third_Party/FreeRTOS/Source/tasks.o
                0x0000000008004230                vTaskInternalSetTimeOutState
 .text.xTaskCheckForTimeOut
                0x000000000800425c       0xc4 ./Middlewares/Third_Party/FreeRTOS/Source/tasks.o
                0x000000000800425c                xTaskCheckForTimeOut
 .text.vTaskMissedYield
                0x0000000008004320       0x18 ./Middlewares/Third_Party/FreeRTOS/Source/tasks.o
                0x0000000008004320                vTaskMissedYield
 .text.prvIdleTask
                0x0000000008004338       0x30 ./Middlewares/Third_Party/FreeRTOS/Source/tasks.o
 .text.prvInitialiseTaskLists
                0x0000000008004368       0x80 ./Middlewares/Third_Party/FreeRTOS/Source/tasks.o
 .text.prvCheckTasksWaitingTermination
                0x00000000080043e8       0x5c ./Middlewares/Third_Party/FreeRTOS/Source/tasks.o
 .text.prvDeleteTCB
                0x0000000008004444       0x5e ./Middlewares/Third_Party/FreeRTOS/Source/tasks.o
 *fill*         0x00000000080044a2        0x2 
 .text.prvResetNextTaskUnblockTime
                0x00000000080044a4       0x48 ./Middlewares/Third_Party/FreeRTOS/Source/tasks.o
 .text.xTaskGetSchedulerState
                0x00000000080044ec       0x3c ./Middlewares/Third_Party/FreeRTOS/Source/tasks.o
                0x00000000080044ec                xTaskGetSchedulerState
 .text.xTaskPriorityInherit
                0x0000000008004528       0xdc ./Middlewares/Third_Party/FreeRTOS/Source/tasks.o
                0x0000000008004528                xTaskPriorityInherit
 .text.xTaskPriorityDisinherit
                0x0000000008004604       0xdc ./Middlewares/Third_Party/FreeRTOS/Source/tasks.o
                0x0000000008004604                xTaskPriorityDisinherit
 .text.vTaskPriorityDisinheritAfterTimeout
                0x00000000080046e0      0x10c ./Middlewares/Third_Party/FreeRTOS/Source/tasks.o
                0x00000000080046e0                vTaskPriorityDisinheritAfterTimeout
 .text.pvTaskIncrementMutexHeldCount
                0x00000000080047ec       0x28 ./Middlewares/Third_Party/FreeRTOS/Source/tasks.o
                0x00000000080047ec                pvTaskIncrementMutexHeldCount
 .text.ulTaskNotifyTake
                0x0000000008004814       0x90 ./Middlewares/Third_Party/FreeRTOS/Source/tasks.o
                0x0000000008004814                ulTaskNotifyTake
 .text.xTaskGenericNotify
                0x00000000080048a4      0x148 ./Middlewares/Third_Party/FreeRTOS/Source/tasks.o
                0x00000000080048a4                xTaskGenericNotify
 .text.xTaskGenericNotifyFromISR
                0x00000000080049ec      0x194 ./Middlewares/Third_Party/FreeRTOS/Source/tasks.o
                0x00000000080049ec                xTaskGenericNotifyFromISR
 .text.prvAddCurrentTaskToDelayedList
                0x0000000008004b80       0xa8 ./Middlewares/Third_Party/FreeRTOS/Source/tasks.o
 .text.xTimerCreateTimerTask
                0x0000000008004c28       0x90 ./Middlewares/Third_Party/FreeRTOS/Source/timers.o
                0x0000000008004c28                xTimerCreateTimerTask
 .text.xTimerCreate
                0x0000000008004cb8       0x42 ./Middlewares/Third_Party/FreeRTOS/Source/timers.o
                0x0000000008004cb8                xTimerCreate
 .text.prvInitialiseNewTimer
                0x0000000008004cfa       0x64 ./Middlewares/Third_Party/FreeRTOS/Source/timers.o
 *fill*         0x0000000008004d5e        0x2 
 .text.xTimerGenericCommand
                0x0000000008004d60       0x9c ./Middlewares/Third_Party/FreeRTOS/Source/timers.o
                0x0000000008004d60                xTimerGenericCommand
 .text.prvProcessExpiredTimer
                0x0000000008004dfc       0x80 ./Middlewares/Third_Party/FreeRTOS/Source/timers.o
 .text.prvTimerTask
                0x0000000008004e7c       0x24 ./Middlewares/Third_Party/FreeRTOS/Source/timers.o
 .text.prvProcessTimerOrBlockTask
                0x0000000008004ea0       0x9c ./Middlewares/Third_Party/FreeRTOS/Source/timers.o
 .text.prvGetNextExpireTime
                0x0000000008004f3c       0x48 ./Middlewares/Third_Party/FreeRTOS/Source/timers.o
 .text.prvSampleTimeNow
                0x0000000008004f84       0x40 ./Middlewares/Third_Party/FreeRTOS/Source/timers.o
 .text.prvInsertTimerInActiveList
                0x0000000008004fc4       0x84 ./Middlewares/Third_Party/FreeRTOS/Source/timers.o
 .text.prvProcessReceivedCommands
                0x0000000008005048      0x168 ./Middlewares/Third_Party/FreeRTOS/Source/timers.o
 .text.prvSwitchTimerLists
                0x00000000080051b0       0xc4 ./Middlewares/Third_Party/FreeRTOS/Source/timers.o
 .text.prvCheckForValidListAndQueue
                0x0000000008005274       0x80 ./Middlewares/Third_Party/FreeRTOS/Source/timers.o
 .text.pxPortInitialiseStack
                0x00000000080052f4       0x58 ./Middlewares/Third_Party/FreeRTOS/Source/portable/GCC/ARM_CM3/port.o
                0x00000000080052f4                pxPortInitialiseStack
 .text.prvTaskExitError
                0x000000000800534c       0x58 ./Middlewares/Third_Party/FreeRTOS/Source/portable/GCC/ARM_CM3/port.o
 *fill*         0x00000000080053a4        0xc 
 .text.SVC_Handler
                0x00000000080053b0       0x28 ./Middlewares/Third_Party/FreeRTOS/Source/portable/GCC/ARM_CM3/port.o
                0x00000000080053b0                SVC_Handler
 .text.prvPortStartFirstTask
                0x00000000080053d8       0x20 ./Middlewares/Third_Party/FreeRTOS/Source/portable/GCC/ARM_CM3/port.o
 .text.xPortStartScheduler
                0x00000000080053f8       0xe4 ./Middlewares/Third_Party/FreeRTOS/Source/portable/GCC/ARM_CM3/port.o
                0x00000000080053f8                xPortStartScheduler
 .text.vPortEnterCritical
                0x00000000080054dc       0x60 ./Middlewares/Third_Party/FreeRTOS/Source/portable/GCC/ARM_CM3/port.o
                0x00000000080054dc                vPortEnterCritical
 .text.vPortExitCritical
                0x000000000800553c       0x50 ./Middlewares/Third_Party/FreeRTOS/Source/portable/GCC/ARM_CM3/port.o
                0x000000000800553c                vPortExitCritical
 *fill*         0x000000000800558c        0x4 
 .text.PendSV_Handler
                0x0000000008005590       0x48 ./Middlewares/Third_Party/FreeRTOS/Source/portable/GCC/ARM_CM3/port.o
                0x0000000008005590                PendSV_Handler
 .text.SysTick_Handler
                0x00000000080055d8       0x44 ./Middlewares/Third_Party/FreeRTOS/Source/portable/GCC/ARM_CM3/port.o
                0x00000000080055d8                SysTick_Handler
 .text.vPortSetupTimerInterrupt
                0x000000000800561c       0x44 ./Middlewares/Third_Party/FreeRTOS/Source/portable/GCC/ARM_CM3/port.o
                0x000000000800561c                vPortSetupTimerInterrupt
 .text.vPortValidateInterruptPriority
                0x0000000008005660       0x7c ./Middlewares/Third_Party/FreeRTOS/Source/portable/GCC/ARM_CM3/port.o
                0x0000000008005660                vPortValidateInterruptPriority
 .text.pvPortMalloc
                0x00000000080056dc      0x188 ./Middlewares/Third_Party/FreeRTOS/Source/portable/MemMang/heap_4.o
                0x00000000080056dc                pvPortMalloc
 .text.vPortFree
                0x0000000008005864       0xb4 ./Middlewares/Third_Party/FreeRTOS/Source/portable/MemMang/heap_4.o
                0x0000000008005864                vPortFree
 .text.prvHeapInit
                0x0000000008005918       0xc4 ./Middlewares/Third_Party/FreeRTOS/Source/portable/MemMang/heap_4.o
 .text.prvInsertBlockIntoFreeList
                0x00000000080059dc       0xb0 ./Middlewares/Third_Party/FreeRTOS/Source/portable/MemMang/heap_4.o
 .text.RingAdd  0x0000000008005a8c       0x8c ./Middlewares/Third_Party/MODBUS-LIB/Src/Modbus.o
                0x0000000008005a8c                RingAdd
 .text.RingGetAllBytes
                0x0000000008005b18       0x24 ./Middlewares/Third_Party/MODBUS-LIB/Src/Modbus.o
                0x0000000008005b18                RingGetAllBytes
 .text.RingGetNBytes
                0x0000000008005b3c       0xa8 ./Middlewares/Third_Party/MODBUS-LIB/Src/Modbus.o
                0x0000000008005b3c                RingGetNBytes
 .text.RingClear
                0x0000000008005be4       0x32 ./Middlewares/Third_Party/MODBUS-LIB/Src/Modbus.o
                0x0000000008005be4                RingClear
 *fill*         0x0000000008005c16        0x2 
 .text.ModbusInit
                0x0000000008005c18      0x144 ./Middlewares/Third_Party/MODBUS-LIB/Src/Modbus.o
                0x0000000008005c18                ModbusInit
 .text.ModbusStart
                0x0000000008005d5c      0x108 ./Middlewares/Third_Party/MODBUS-LIB/Src/Modbus.o
                0x0000000008005d5c                ModbusStart
 .text.vTimerCallbackT35
                0x0000000008005e64       0x84 ./Middlewares/Third_Party/MODBUS-LIB/Src/Modbus.o
 .text.vTimerCallbackTimeout
                0x0000000008005ee8       0x5c ./Middlewares/Third_Party/MODBUS-LIB/Src/Modbus.o
 .text.StartTaskModbusSlave
                0x0000000008005f44      0x19c ./Middlewares/Third_Party/MODBUS-LIB/Src/Modbus.o
                0x0000000008005f44                StartTaskModbusSlave
 .text.SendQuery
                0x00000000080060e0      0x2d8 ./Middlewares/Third_Party/MODBUS-LIB/Src/Modbus.o
 .text.StartTaskModbusMaster
                0x00000000080063b8      0x1ac ./Middlewares/Third_Party/MODBUS-LIB/Src/Modbus.o
                0x00000000080063b8                StartTaskModbusMaster
 .text.get_FC1  0x0000000008006564       0xae ./Middlewares/Third_Party/MODBUS-LIB/Src/Modbus.o
 .text.get_FC3  0x0000000008006612       0x5c ./Middlewares/Third_Party/MODBUS-LIB/Src/Modbus.o
 *fill*         0x000000000800666e        0x2 
 .text.validateAnswer
                0x0000000008006670       0xdc ./Middlewares/Third_Party/MODBUS-LIB/Src/Modbus.o
 .text.getRxBuffer
                0x000000000800674c       0x92 ./Middlewares/Third_Party/MODBUS-LIB/Src/Modbus.o
 *fill*         0x00000000080067de        0x2 
 .text.validateRequest
                0x00000000080067e0      0x294 ./Middlewares/Third_Party/MODBUS-LIB/Src/Modbus.o
 .text.word     0x0000000008006a74       0x24 ./Middlewares/Third_Party/MODBUS-LIB/Src/Modbus.o
 .text.calcCRC  0x0000000008006a98       0x8c ./Middlewares/Third_Party/MODBUS-LIB/Src/Modbus.o
                0x0000000008006a98                calcCRC
 .text.buildException
                0x0000000008006b24       0x3c ./Middlewares/Third_Party/MODBUS-LIB/Src/Modbus.o
 .text.sendTxBuffer
                0x0000000008006b60      0x120 ./Middlewares/Third_Party/MODBUS-LIB/Src/Modbus.o
 .text.process_FC1
                0x0000000008006c80      0x16a ./Middlewares/Third_Party/MODBUS-LIB/Src/Modbus.o
 .text.process_FC3
                0x0000000008006dea       0xd6 ./Middlewares/Third_Party/MODBUS-LIB/Src/Modbus.o
 .text.process_FC5
                0x0000000008006ec0       0xb2 ./Middlewares/Third_Party/MODBUS-LIB/Src/Modbus.o
 .text.process_FC6
                0x0000000008006f72       0x64 ./Middlewares/Third_Party/MODBUS-LIB/Src/Modbus.o
 .text.process_FC15
                0x0000000008006fd6      0x11c ./Middlewares/Third_Party/MODBUS-LIB/Src/Modbus.o
 .text.process_FC16
                0x00000000080070f2       0xac ./Middlewares/Third_Party/MODBUS-LIB/Src/Modbus.o
 *fill*         0x000000000800719e        0x2 
 .text.HAL_UART_TxCpltCallback
                0x00000000080071a0       0x7c ./Middlewares/Third_Party/MODBUS-LIB/Src/UARTCallback.o
                0x00000000080071a0                HAL_UART_TxCpltCallback
 .text.HAL_UART_RxCpltCallback
                0x000000000800721c       0xd4 ./Middlewares/Third_Party/MODBUS-LIB/Src/UARTCallback.o
                0x000000000800721c                HAL_UART_RxCpltCallback
 .text.__libc_init_array
                0x00000000080072f0       0x48 c:/st/stm32cubeide_1.7.0/stm32cubeide/plugins/com.st.stm32cube.ide.mcu.externaltools.gnu-tools-for-stm32.9-2020-q2-update.win32_2.0.0.202105311346/tools/bin/../lib/gcc/arm-none-eabi/9.3.1/../../../../arm-none-eabi/lib/thumb/v7-m/nofp\libc_nano.a(lib_a-init.o)
                0x00000000080072f0                __libc_init_array
 .text.memcpy   0x0000000008007338       0x1c c:/st/stm32cubeide_1.7.0/stm32cubeide/plugins/com.st.stm32cube.ide.mcu.externaltools.gnu-tools-for-stm32.9-2020-q2-update.win32_2.0.0.202105311346/tools/bin/../lib/gcc/arm-none-eabi/9.3.1/../../../../arm-none-eabi/lib/thumb/v7-m/nofp\libc_nano.a(lib_a-memcpy-stub.o)
                0x0000000008007338                memcpy
 .text.memset   0x0000000008007354       0x10 c:/st/stm32cubeide_1.7.0/stm32cubeide/plugins/com.st.stm32cube.ide.mcu.externaltools.gnu-tools-for-stm32.9-2020-q2-update.win32_2.0.0.202105311346/tools/bin/../lib/gcc/arm-none-eabi/9.3.1/../../../../arm-none-eabi/lib/thumb/v7-m/nofp\libc_nano.a(lib_a-memset.o)
                0x0000000008007354                memset
 *(.glue_7)
 .glue_7        0x0000000008007364        0x0 linker stubs
 *(.glue_7t)
 .glue_7t       0x0000000008007364        0x0 linker stubs
 *(.eh_frame)
 .eh_frame      0x0000000008007364        0x0 c:/st/stm32cubeide_1.7.0/stm32cubeide/plugins/com.st.stm32cube.ide.mcu.externaltools.gnu-tools-for-stm32.9-2020-q2-update.win32_2.0.0.202105311346/tools/bin/../lib/gcc/arm-none-eabi/9.3.1/thumb/v7-m/nofp/crtbegin.o
 *(.init)
 .init          0x0000000008007364        0x4 c:/st/stm32cubeide_1.7.0/stm32cubeide/plugins/com.st.stm32cube.ide.mcu.externaltools.gnu-tools-for-stm32.9-2020-q2-update.win32_2.0.0.202105311346/tools/bin/../lib/gcc/arm-none-eabi/9.3.1/thumb/v7-m/nofp/crti.o
                0x0000000008007364                _init
 .init          0x0000000008007368        0x8 c:/st/stm32cubeide_1.7.0/stm32cubeide/plugins/com.st.stm32cube.ide.mcu.externaltools.gnu-tools-for-stm32.9-2020-q2-update.win32_2.0.0.202105311346/tools/bin/../lib/gcc/arm-none-eabi/9.3.1/thumb/v7-m/nofp/crtn.o
 *(.fini)
 .fini          0x0000000008007370        0x4 c:/st/stm32cubeide_1.7.0/stm32cubeide/plugins/com.st.stm32cube.ide.mcu.externaltools.gnu-tools-for-stm32.9-2020-q2-update.win32_2.0.0.202105311346/tools/bin/../lib/gcc/arm-none-eabi/9.3.1/thumb/v7-m/nofp/crti.o
                0x0000000008007370                _fini
 .fini          0x0000000008007374        0x8 c:/st/stm32cubeide_1.7.0/stm32cubeide/plugins/com.st.stm32cube.ide.mcu.externaltools.gnu-tools-for-stm32.9-2020-q2-update.win32_2.0.0.202105311346/tools/bin/../lib/gcc/arm-none-eabi/9.3.1/thumb/v7-m/nofp/crtn.o
                0x000000000800737c                . = ALIGN (0x4)
                0x000000000800737c                _etext = .

.vfp11_veneer   0x000000000800737c        0x0
 .vfp11_veneer  0x000000000800737c        0x0 linker stubs

.v4_bx          0x000000000800737c        0x0
 .v4_bx         0x000000000800737c        0x0 linker stubs

.iplt           0x000000000800737c        0x0
 .iplt          0x000000000800737c        0x0 c:/st/stm32cubeide_1.7.0/stm32cubeide/plugins/com.st.stm32cube.ide.mcu.externaltools.gnu-tools-for-stm32.9-2020-q2-update.win32_2.0.0.202105311346/tools/bin/../lib/gcc/arm-none-eabi/9.3.1/thumb/v7-m/nofp/crtbegin.o

.rodata         0x000000000800737c      0x178
                0x000000000800737c                . = ALIGN (0x4)
 *(.rodata)
 .rodata        0x000000000800737c       0x18 ./Core/Src/freertos.o
 .rodata        0x0000000008007394       0x10 ./Drivers/STM32F1xx_HAL_Driver/Src/stm32f1xx_hal_rcc.o
 .rodata        0x00000000080073a4        0x5 ./Middlewares/Third_Party/FreeRTOS/Source/tasks.o
 *fill*         0x00000000080073a9        0x3 
 .rodata        0x00000000080073ac        0xd ./Middlewares/Third_Party/FreeRTOS/Source/timers.o
 *fill*         0x00000000080073b9        0x3 
 .rodata        0x00000000080073bc       0x5d ./Middlewares/Third_Party/MODBUS-LIB/Src/Modbus.o
 *(.rodata*)
 *fill*         0x0000000008007419        0x3 
 .rodata.defaultTask_attributes
                0x000000000800741c       0x24 ./Core/Src/freertos.o
                0x000000000800741c                defaultTask_attributes
 .rodata.myTaskSlave_attributes
                0x0000000008007440       0x24 ./Core/Src/freertos.o
                0x0000000008007440                myTaskSlave_attributes
 .rodata.AHBPrescTable
                0x0000000008007464       0x10 ./Core/Src/system_stm32f1xx.o
                0x0000000008007464                AHBPrescTable
 .rodata.APBPrescTable
                0x0000000008007474        0x8 ./Core/Src/system_stm32f1xx.o
                0x0000000008007474                APBPrescTable
 .rodata.QueueTelegram_attributes
                0x000000000800747c       0x18 ./Middlewares/Third_Party/MODBUS-LIB/Src/Modbus.o
                0x000000000800747c                QueueTelegram_attributes
 .rodata.myTaskModbusA_attributes
                0x0000000008007494       0x24 ./Middlewares/Third_Party/MODBUS-LIB/Src/Modbus.o
                0x0000000008007494                myTaskModbusA_attributes
 .rodata.myTaskModbusB_attributes
                0x00000000080074b8       0x24 ./Middlewares/Third_Party/MODBUS-LIB/Src/Modbus.o
                0x00000000080074b8                myTaskModbusB_attributes
 .rodata.ModBusSphr_attributes
                0x00000000080074dc       0x10 ./Middlewares/Third_Party/MODBUS-LIB/Src/Modbus.o
                0x00000000080074dc                ModBusSphr_attributes
 .rodata.fctsupported
                0x00000000080074ec        0x8 ./Middlewares/Third_Party/MODBUS-LIB/Src/Modbus.o
                0x00000000080074ec                fctsupported
                0x00000000080074f4                . = ALIGN (0x4)

.rel.dyn        0x00000000080074f4        0x0
 .rel.iplt      0x00000000080074f4        0x0 c:/st/stm32cubeide_1.7.0/stm32cubeide/plugins/com.st.stm32cube.ide.mcu.externaltools.gnu-tools-for-stm32.9-2020-q2-update.win32_2.0.0.202105311346/tools/bin/../lib/gcc/arm-none-eabi/9.3.1/thumb/v7-m/nofp/crtbegin.o

.ARM.extab      0x00000000080074f4        0x0
                0x00000000080074f4                . = ALIGN (0x4)
 *(.ARM.extab* .gnu.linkonce.armextab.*)
                0x00000000080074f4                . = ALIGN (0x4)

.ARM            0x00000000080074f4        0x0
                0x00000000080074f4                . = ALIGN (0x4)
                0x00000000080074f4                __exidx_start = .
 *(.ARM.exidx*)
                0x00000000080074f4                __exidx_end = .
                0x00000000080074f4                . = ALIGN (0x4)

.preinit_array  0x00000000080074f4        0x0
                0x00000000080074f4                . = ALIGN (0x4)
                0x00000000080074f4                PROVIDE (__preinit_array_start = .)
 *(.preinit_array*)
                0x00000000080074f4                PROVIDE (__preinit_array_end = .)
                0x00000000080074f4                . = ALIGN (0x4)

.init_array     0x00000000080074f4        0x4
                0x00000000080074f4                . = ALIGN (0x4)
                0x00000000080074f4                PROVIDE (__init_array_start = .)
 *(SORT_BY_NAME(.init_array.*))
 *(.init_array*)
 .init_array    0x00000000080074f4        0x4 c:/st/stm32cubeide_1.7.0/stm32cubeide/plugins/com.st.stm32cube.ide.mcu.externaltools.gnu-tools-for-stm32.9-2020-q2-update.win32_2.0.0.202105311346/tools/bin/../lib/gcc/arm-none-eabi/9.3.1/thumb/v7-m/nofp/crtbegin.o
                0x00000000080074f8                PROVIDE (__init_array_end = .)
                0x00000000080074f8                . = ALIGN (0x4)

.fini_array     0x00000000080074f8        0x4
                0x00000000080074f8                . = ALIGN (0x4)
                [!provide]                        PROVIDE (__fini_array_start = .)
 *(SORT_BY_NAME(.fini_array.*))
 *(.fini_array*)
 .fini_array    0x00000000080074f8        0x4 c:/st/stm32cubeide_1.7.0/stm32cubeide/plugins/com.st.stm32cube.ide.mcu.externaltools.gnu-tools-for-stm32.9-2020-q2-update.win32_2.0.0.202105311346/tools/bin/../lib/gcc/arm-none-eabi/9.3.1/thumb/v7-m/nofp/crtbegin.o
                [!provide]                        PROVIDE (__fini_array_end = .)
                0x00000000080074fc                . = ALIGN (0x4)
                0x00000000080074fc                _sidata = LOADADDR (.data)

.data           0x0000000020000000       0x20 load address 0x00000000080074fc
                0x0000000020000000                . = ALIGN (0x4)
                0x0000000020000000                _sdata = .
 *(.data)
 *(.data*)
 .data.ModbusDATA
                0x0000000020000000       0x10 ./Core/Src/main.o
                0x0000000020000000                ModbusDATA
 .data.SystemCoreClock
                0x0000000020000010        0x4 ./Core/Src/system_stm32f1xx.o
                0x0000000020000010                SystemCoreClock
 .data.uwTickPrio
                0x0000000020000014        0x4 ./Drivers/STM32F1xx_HAL_Driver/Src/stm32f1xx_hal.o
                0x0000000020000014                uwTickPrio
 .data.uwTickFreq
                0x0000000020000018        0x1 ./Drivers/STM32F1xx_HAL_Driver/Src/stm32f1xx_hal.o
                0x0000000020000018                uwTickFreq
 *fill*         0x0000000020000019        0x3 
 .data.uxCriticalNesting
                0x000000002000001c        0x4 ./Middlewares/Third_Party/FreeRTOS/Source/portable/GCC/ARM_CM3/port.o
 *(.RamFunc)
 *(.RamFunc*)
                0x0000000020000020                . = ALIGN (0x4)
                0x0000000020000020                _edata = .

.igot.plt       0x0000000020000020        0x0 load address 0x000000000800751c
 .igot.plt      0x0000000020000020        0x0 c:/st/stm32cubeide_1.7.0/stm32cubeide/plugins/com.st.stm32cube.ide.mcu.externaltools.gnu-tools-for-stm32.9-2020-q2-update.win32_2.0.0.202105311346/tools/bin/../lib/gcc/arm-none-eabi/9.3.1/thumb/v7-m/nofp/crtbegin.o
                0x0000000020000020                . = ALIGN (0x4)

.bss            0x0000000020000020     0x1b88 load address 0x000000000800751c
                0x0000000020000020                _sbss = .
                0x0000000020000020                __bss_start__ = _sbss
 *(.bss)
 .bss           0x0000000020000020       0x1c c:/st/stm32cubeide_1.7.0/stm32cubeide/plugins/com.st.stm32cube.ide.mcu.externaltools.gnu-tools-for-stm32.9-2020-q2-update.win32_2.0.0.202105311346/tools/bin/../lib/gcc/arm-none-eabi/9.3.1/thumb/v7-m/nofp/crtbegin.o
 *(.bss*)
 .bss.KernelState
                0x000000002000003c        0x4 ./Middlewares/Third_Party/FreeRTOS/Source/CMSIS_RTOS_V2/cmsis_os2.o
 .bss.Idle_TCB  0x0000000020000040       0x5c ./Middlewares/Third_Party/FreeRTOS/Source/CMSIS_RTOS_V2/cmsis_os2.o
 .bss.Idle_Stack
                0x000000002000009c      0x200 ./Middlewares/Third_Party/FreeRTOS/Source/CMSIS_RTOS_V2/cmsis_os2.o
 .bss.Timer_TCB
                0x000000002000029c       0x5c ./Middlewares/Third_Party/FreeRTOS/Source/CMSIS_RTOS_V2/cmsis_os2.o
 .bss.Timer_Stack
                0x00000000200002f8      0x400 ./Middlewares/Third_Party/FreeRTOS/Source/CMSIS_RTOS_V2/cmsis_os2.o
 .bss.pxCurrentTCB
                0x00000000200006f8        0x4 ./Middlewares/Third_Party/FreeRTOS/Source/tasks.o
                0x00000000200006f8                pxCurrentTCB
 .bss.pxReadyTasksLists
                0x00000000200006fc      0x460 ./Middlewares/Third_Party/FreeRTOS/Source/tasks.o
 .bss.xDelayedTaskList1
                0x0000000020000b5c       0x14 ./Middlewares/Third_Party/FreeRTOS/Source/tasks.o
 .bss.xDelayedTaskList2
                0x0000000020000b70       0x14 ./Middlewares/Third_Party/FreeRTOS/Source/tasks.o
 .bss.pxDelayedTaskList
                0x0000000020000b84        0x4 ./Middlewares/Third_Party/FreeRTOS/Source/tasks.o
 .bss.pxOverflowDelayedTaskList
                0x0000000020000b88        0x4 ./Middlewares/Third_Party/FreeRTOS/Source/tasks.o
 .bss.xPendingReadyList
                0x0000000020000b8c       0x14 ./Middlewares/Third_Party/FreeRTOS/Source/tasks.o
 .bss.xTasksWaitingTermination
                0x0000000020000ba0       0x14 ./Middlewares/Third_Party/FreeRTOS/Source/tasks.o
 .bss.uxDeletedTasksWaitingCleanUp
                0x0000000020000bb4        0x4 ./Middlewares/Third_Party/FreeRTOS/Source/tasks.o
 .bss.xSuspendedTaskList
                0x0000000020000bb8       0x14 ./Middlewares/Third_Party/FreeRTOS/Source/tasks.o
 .bss.uxCurrentNumberOfTasks
                0x0000000020000bcc        0x4 ./Middlewares/Third_Party/FreeRTOS/Source/tasks.o
 .bss.xTickCount
                0x0000000020000bd0        0x4 ./Middlewares/Third_Party/FreeRTOS/Source/tasks.o
 .bss.uxTopReadyPriority
                0x0000000020000bd4        0x4 ./Middlewares/Third_Party/FreeRTOS/Source/tasks.o
 .bss.xSchedulerRunning
                0x0000000020000bd8        0x4 ./Middlewares/Third_Party/FreeRTOS/Source/tasks.o
 .bss.uxPendedTicks
                0x0000000020000bdc        0x4 ./Middlewares/Third_Party/FreeRTOS/Source/tasks.o
 .bss.xYieldPending
                0x0000000020000be0        0x4 ./Middlewares/Third_Party/FreeRTOS/Source/tasks.o
 .bss.xNumOfOverflows
                0x0000000020000be4        0x4 ./Middlewares/Third_Party/FreeRTOS/Source/tasks.o
 .bss.uxTaskNumber
                0x0000000020000be8        0x4 ./Middlewares/Third_Party/FreeRTOS/Source/tasks.o
 .bss.xNextTaskUnblockTime
                0x0000000020000bec        0x4 ./Middlewares/Third_Party/FreeRTOS/Source/tasks.o
 .bss.xIdleTaskHandle
                0x0000000020000bf0        0x4 ./Middlewares/Third_Party/FreeRTOS/Source/tasks.o
 .bss.uxSchedulerSuspended
                0x0000000020000bf4        0x4 ./Middlewares/Third_Party/FreeRTOS/Source/tasks.o
 .bss.xActiveTimerList1
                0x0000000020000bf8       0x14 ./Middlewares/Third_Party/FreeRTOS/Source/timers.o
 .bss.xActiveTimerList2
                0x0000000020000c0c       0x14 ./Middlewares/Third_Party/FreeRTOS/Source/timers.o
 .bss.pxCurrentTimerList
                0x0000000020000c20        0x4 ./Middlewares/Third_Party/FreeRTOS/Source/timers.o
 .bss.pxOverflowTimerList
                0x0000000020000c24        0x4 ./Middlewares/Third_Party/FreeRTOS/Source/timers.o
 .bss.xTimerQueue
                0x0000000020000c28        0x4 ./Middlewares/Third_Party/FreeRTOS/Source/timers.o
 .bss.xTimerTaskHandle
                0x0000000020000c2c        0x4 ./Middlewares/Third_Party/FreeRTOS/Source/timers.o
 .bss.xLastTime.5524
                0x0000000020000c30        0x4 ./Middlewares/Third_Party/FreeRTOS/Source/timers.o
 .bss.ucStaticTimerQueueStorage.5575
                0x0000000020000c34       0xa0 ./Middlewares/Third_Party/FreeRTOS/Source/timers.o
 .bss.xStaticTimerQueue.5574
                0x0000000020000cd4       0x50 ./Middlewares/Third_Party/FreeRTOS/Source/timers.o
 .bss.ucMaxSysCallPriority
                0x0000000020000d24        0x1 ./Middlewares/Third_Party/FreeRTOS/Source/portable/GCC/ARM_CM3/port.o
 *fill*         0x0000000020000d25        0x3 
 .bss.ulMaxPRIGROUPValue
                0x0000000020000d28        0x4 ./Middlewares/Third_Party/FreeRTOS/Source/portable/GCC/ARM_CM3/port.o
 .bss.ucHeap    0x0000000020000d2c      0xc00 ./Middlewares/Third_Party/FreeRTOS/Source/portable/MemMang/heap_4.o
 .bss.xStart    0x000000002000192c        0x8 ./Middlewares/Third_Party/FreeRTOS/Source/portable/MemMang/heap_4.o
 .bss.pxEnd     0x0000000020001934        0x4 ./Middlewares/Third_Party/FreeRTOS/Source/portable/MemMang/heap_4.o
 .bss.xFreeBytesRemaining
                0x0000000020001938        0x4 ./Middlewares/Third_Party/FreeRTOS/Source/portable/MemMang/heap_4.o
 .bss.xMinimumEverFreeBytesRemaining
                0x000000002000193c        0x4 ./Middlewares/Third_Party/FreeRTOS/Source/portable/MemMang/heap_4.o
 .bss.xBlockAllocatedBit
                0x0000000020001940        0x4 ./Middlewares/Third_Party/FreeRTOS/Source/portable/MemMang/heap_4.o
 .bss.numberHandlers
                0x0000000020001944        0x1 ./Middlewares/Third_Party/MODBUS-LIB/Src/Modbus.o
                0x0000000020001944                numberHandlers
 *(COMMON)
 *fill*         0x0000000020001945        0x3 
 COMMON         0x0000000020001948       0x10 ./Core/Src/freertos.o
                0x0000000020001948                defaultTaskHandle
                0x000000002000194c                mHandlers
                0x0000000020001954                myTaskSlaveHandle
 COMMON         0x0000000020001958      0x144 ./Core/Src/main.o
                0x0000000020001958                ModbusH
 COMMON         0x0000000020001a9c       0x48 ./Core/Src/stm32f1xx_hal_timebase_tim.o
                0x0000000020001a9c                htim4
 COMMON         0x0000000020001ae4       0x80 ./Core/Src/usart.o
                0x0000000020001ae4                huart3
                0x0000000020001b24                huart1
 COMMON         0x0000000020001b64        0x4 ./Drivers/STM32F1xx_HAL_Driver/Src/stm32f1xx_hal.o
                0x0000000020001b64                uwTick
 COMMON         0x0000000020001b68       0x40 ./Middlewares/Third_Party/FreeRTOS/Source/queue.o
                0x0000000020001b68                xQueueRegistry
                0x0000000020001ba8                . = ALIGN (0x4)
                0x0000000020001ba8                _ebss = .
                0x0000000020001ba8                __bss_end__ = _ebss

._user_heap_stack
                0x0000000020001ba8      0x600 load address 0x000000000800751c
                0x0000000020001ba8                . = ALIGN (0x8)
                [!provide]                        PROVIDE (end = .)
                0x0000000020001ba8                PROVIDE (_end = .)
                0x0000000020001da8                . = (. + _Min_Heap_Size)
 *fill*         0x0000000020001ba8      0x200 
                0x00000000200021a8                . = (. + _Min_Stack_Size)
 *fill*         0x0000000020001da8      0x400 
                0x00000000200021a8                . = ALIGN (0x8)

/DISCARD/
 libc.a(*)
 libm.a(*)
 libgcc.a(*)

.ARM.attributes
                0x0000000000000000       0x29
 *(.ARM.attributes)
 .ARM.attributes
                0x0000000000000000       0x1d c:/st/stm32cubeide_1.7.0/stm32cubeide/plugins/com.st.stm32cube.ide.mcu.externaltools.gnu-tools-for-stm32.9-2020-q2-update.win32_2.0.0.202105311346/tools/bin/../lib/gcc/arm-none-eabi/9.3.1/thumb/v7-m/nofp/crti.o
 .ARM.attributes
                0x000000000000001d       0x2d c:/st/stm32cubeide_1.7.0/stm32cubeide/plugins/com.st.stm32cube.ide.mcu.externaltools.gnu-tools-for-stm32.9-2020-q2-update.win32_2.0.0.202105311346/tools/bin/../lib/gcc/arm-none-eabi/9.3.1/thumb/v7-m/nofp/crtbegin.o
 .ARM.attributes
                0x000000000000004a       0x2d ./Core/Src/freertos.o
 .ARM.attributes
                0x0000000000000077       0x2d ./Core/Src/gpio.o
 .ARM.attributes
                0x00000000000000a4       0x2d ./Core/Src/main.o
 .ARM.attributes
                0x00000000000000d1       0x2d ./Core/Src/stm32f1xx_hal_msp.o
 .ARM.attributes
                0x00000000000000fe       0x2d ./Core/Src/stm32f1xx_hal_timebase_tim.o
 .ARM.attributes
                0x000000000000012b       0x2d ./Core/Src/stm32f1xx_it.o
 .ARM.attributes
                0x0000000000000158       0x2d ./Core/Src/system_stm32f1xx.o
 .ARM.attributes
                0x0000000000000185       0x2d ./Core/Src/usart.o
 .ARM.attributes
                0x00000000000001b2       0x21 ./Core/Startup/startup_stm32f103c8tx.o
 .ARM.attributes
                0x00000000000001d3       0x2d ./Drivers/STM32F1xx_HAL_Driver/Src/stm32f1xx_hal.o
 .ARM.attributes
                0x0000000000000200       0x2d ./Drivers/STM32F1xx_HAL_Driver/Src/stm32f1xx_hal_cortex.o
 .ARM.attributes
                0x000000000000022d       0x2d ./Drivers/STM32F1xx_HAL_Driver/Src/stm32f1xx_hal_dma.o
 .ARM.attributes
                0x000000000000025a       0x2d ./Drivers/STM32F1xx_HAL_Driver/Src/stm32f1xx_hal_gpio.o
 .ARM.attributes
                0x0000000000000287       0x2d ./Drivers/STM32F1xx_HAL_Driver/Src/stm32f1xx_hal_rcc.o
 .ARM.attributes
                0x00000000000002b4       0x2d ./Drivers/STM32F1xx_HAL_Driver/Src/stm32f1xx_hal_tim.o
 .ARM.attributes
                0x00000000000002e1       0x2d ./Drivers/STM32F1xx_HAL_Driver/Src/stm32f1xx_hal_tim_ex.o
 .ARM.attributes
                0x000000000000030e       0x2d ./Drivers/STM32F1xx_HAL_Driver/Src/stm32f1xx_hal_uart.o
 .ARM.attributes
                0x000000000000033b       0x2d ./Middlewares/Third_Party/FreeRTOS/Source/CMSIS_RTOS_V2/cmsis_os2.o
 .ARM.attributes
                0x0000000000000368       0x2d ./Middlewares/Third_Party/FreeRTOS/Source/list.o
 .ARM.attributes
                0x0000000000000395       0x2d ./Middlewares/Third_Party/FreeRTOS/Source/queue.o
 .ARM.attributes
                0x00000000000003c2       0x2d ./Middlewares/Third_Party/FreeRTOS/Source/tasks.o
 .ARM.attributes
                0x00000000000003ef       0x2d ./Middlewares/Third_Party/FreeRTOS/Source/timers.o
 .ARM.attributes
                0x000000000000041c       0x2d ./Middlewares/Third_Party/FreeRTOS/Source/portable/GCC/ARM_CM3/port.o
 .ARM.attributes
                0x0000000000000449       0x2d ./Middlewares/Third_Party/FreeRTOS/Source/portable/MemMang/heap_4.o
 .ARM.attributes
                0x0000000000000476       0x2d ./Middlewares/Third_Party/MODBUS-LIB/Src/Modbus.o
 .ARM.attributes
                0x00000000000004a3       0x2d ./Middlewares/Third_Party/MODBUS-LIB/Src/UARTCallback.o
 .ARM.attributes
                0x00000000000004d0       0x2d c:/st/stm32cubeide_1.7.0/stm32cubeide/plugins/com.st.stm32cube.ide.mcu.externaltools.gnu-tools-for-stm32.9-2020-q2-update.win32_2.0.0.202105311346/tools/bin/../lib/gcc/arm-none-eabi/9.3.1/../../../../arm-none-eabi/lib/thumb/v7-m/nofp\libc_nano.a(lib_a-init.o)
 .ARM.attributes
                0x00000000000004fd       0x2d c:/st/stm32cubeide_1.7.0/stm32cubeide/plugins/com.st.stm32cube.ide.mcu.externaltools.gnu-tools-for-stm32.9-2020-q2-update.win32_2.0.0.202105311346/tools/bin/../lib/gcc/arm-none-eabi/9.3.1/../../../../arm-none-eabi/lib/thumb/v7-m/nofp\libc_nano.a(lib_a-memcpy-stub.o)
 .ARM.attributes
                0x000000000000052a       0x2d c:/st/stm32cubeide_1.7.0/stm32cubeide/plugins/com.st.stm32cube.ide.mcu.externaltools.gnu-tools-for-stm32.9-2020-q2-update.win32_2.0.0.202105311346/tools/bin/../lib/gcc/arm-none-eabi/9.3.1/../../../../arm-none-eabi/lib/thumb/v7-m/nofp\libc_nano.a(lib_a-memset.o)
 .ARM.attributes
                0x0000000000000557       0x1d c:/st/stm32cubeide_1.7.0/stm32cubeide/plugins/com.st.stm32cube.ide.mcu.externaltools.gnu-tools-for-stm32.9-2020-q2-update.win32_2.0.0.202105311346/tools/bin/../lib/gcc/arm-none-eabi/9.3.1/thumb/v7-m/nofp/crtn.o
OUTPUT(ModbusBluePill.elf elf32-littlearm)
LOAD linker stubs
LOAD c:/st/stm32cubeide_1.7.0/stm32cubeide/plugins/com.st.stm32cube.ide.mcu.externaltools.gnu-tools-for-stm32.9-2020-q2-update.win32_2.0.0.202105311346/tools/bin/../lib/gcc/arm-none-eabi/9.3.1/../../../../arm-none-eabi/lib/thumb/v7-m/nofp\libc.a
LOAD c:/st/stm32cubeide_1.7.0/stm32cubeide/plugins/com.st.stm32cube.ide.mcu.externaltools.gnu-tools-for-stm32.9-2020-q2-update.win32_2.0.0.202105311346/tools/bin/../lib/gcc/arm-none-eabi/9.3.1/../../../../arm-none-eabi/lib/thumb/v7-m/nofp\libm.a
LOAD c:/st/stm32cubeide_1.7.0/stm32cubeide/plugins/com.st.stm32cube.ide.mcu.externaltools.gnu-tools-for-stm32.9-2020-q2-update.win32_2.0.0.202105311346/tools/bin/../lib/gcc/arm-none-eabi/9.3.1/thumb/v7-m/nofp\libgcc.a

.debug_info     0x0000000000000000    0x1bc32
 .debug_info    0x0000000000000000      0xc6c ./Core/Src/freertos.o
 .debug_info    0x0000000000000c6c      0xb39 ./Core/Src/gpio.o
 .debug_info    0x00000000000017a5      0xee2 ./Core/Src/main.o
 .debug_info    0x0000000000002687      0xc62 ./Core/Src/stm32f1xx_hal_msp.o
 .debug_info    0x00000000000032e9      0xa19 ./Core/Src/stm32f1xx_hal_timebase_tim.o
 .debug_info    0x0000000000003d02      0xd91 ./Core/Src/stm32f1xx_it.o
 .debug_info    0x0000000000004a93      0x2be ./Core/Src/system_stm32f1xx.o
 .debug_info    0x0000000000004d51      0xd05 ./Core/Src/usart.o
 .debug_info    0x0000000000005a56       0x22 ./Core/Startup/startup_stm32f103c8tx.o
 .debug_info    0x0000000000005a78      0x76a ./Drivers/STM32F1xx_HAL_Driver/Src/stm32f1xx_hal.o
 .debug_info    0x00000000000061e2      0xbdc ./Drivers/STM32F1xx_HAL_Driver/Src/stm32f1xx_hal_cortex.o
 .debug_info    0x0000000000006dbe      0x81e ./Drivers/STM32F1xx_HAL_Driver/Src/stm32f1xx_hal_dma.o
 .debug_info    0x00000000000075dc      0x701 ./Drivers/STM32F1xx_HAL_Driver/Src/stm32f1xx_hal_gpio.o
 .debug_info    0x0000000000007cdd      0x88e ./Drivers/STM32F1xx_HAL_Driver/Src/stm32f1xx_hal_rcc.o
 .debug_info    0x000000000000856b     0x2a43 ./Drivers/STM32F1xx_HAL_Driver/Src/stm32f1xx_hal_tim.o
 .debug_info    0x000000000000afae     0x1495 ./Drivers/STM32F1xx_HAL_Driver/Src/stm32f1xx_hal_tim_ex.o
 .debug_info    0x000000000000c443     0x1322 ./Drivers/STM32F1xx_HAL_Driver/Src/stm32f1xx_hal_uart.o
 .debug_info    0x000000000000d765     0x3cd3 ./Middlewares/Third_Party/FreeRTOS/Source/CMSIS_RTOS_V2/cmsis_os2.o
 .debug_info    0x0000000000011438      0xb7c ./Middlewares/Third_Party/FreeRTOS/Source/list.o
 .debug_info    0x0000000000011fb4     0x22de ./Middlewares/Third_Party/FreeRTOS/Source/queue.o
 .debug_info    0x0000000000014292     0x29ae ./Middlewares/Third_Party/FreeRTOS/Source/tasks.o
 .debug_info    0x0000000000016c40     0x1afb ./Middlewares/Third_Party/FreeRTOS/Source/timers.o
 .debug_info    0x000000000001873b      0x4a1 ./Middlewares/Third_Party/FreeRTOS/Source/portable/GCC/ARM_CM3/port.o
 .debug_info    0x0000000000018bdc      0xc77 ./Middlewares/Third_Party/FreeRTOS/Source/portable/MemMang/heap_4.o
 .debug_info    0x0000000000019853     0x1987 ./Middlewares/Third_Party/MODBUS-LIB/Src/Modbus.o
 .debug_info    0x000000000001b1da      0xa58 ./Middlewares/Third_Party/MODBUS-LIB/Src/UARTCallback.o

.debug_abbrev   0x0000000000000000     0x3bd1
 .debug_abbrev  0x0000000000000000      0x1d0 ./Core/Src/freertos.o
 .debug_abbrev  0x00000000000001d0      0x1d0 ./Core/Src/gpio.o
 .debug_abbrev  0x00000000000003a0      0x23a ./Core/Src/main.o
 .debug_abbrev  0x00000000000005da      0x1bf ./Core/Src/stm32f1xx_hal_msp.o
 .debug_abbrev  0x0000000000000799      0x1bf ./Core/Src/stm32f1xx_hal_timebase_tim.o
 .debug_abbrev  0x0000000000000958      0x1c7 ./Core/Src/stm32f1xx_it.o
 .debug_abbrev  0x0000000000000b1f      0x14e ./Core/Src/system_stm32f1xx.o
 .debug_abbrev  0x0000000000000c6d      0x20c ./Core/Src/usart.o
 .debug_abbrev  0x0000000000000e79       0x12 ./Core/Startup/startup_stm32f103c8tx.o
 .debug_abbrev  0x0000000000000e8b      0x1ed ./Drivers/STM32F1xx_HAL_Driver/Src/stm32f1xx_hal.o
 .debug_abbrev  0x0000000000001078      0x313 ./Drivers/STM32F1xx_HAL_Driver/Src/stm32f1xx_hal_cortex.o
 .debug_abbrev  0x000000000000138b      0x228 ./Drivers/STM32F1xx_HAL_Driver/Src/stm32f1xx_hal_dma.o
 .debug_abbrev  0x00000000000015b3      0x1e8 ./Drivers/STM32F1xx_HAL_Driver/Src/stm32f1xx_hal_gpio.o
 .debug_abbrev  0x000000000000179b      0x273 ./Drivers/STM32F1xx_HAL_Driver/Src/stm32f1xx_hal_rcc.o
 .debug_abbrev  0x0000000000001a0e      0x25e ./Drivers/STM32F1xx_HAL_Driver/Src/stm32f1xx_hal_tim.o
 .debug_abbrev  0x0000000000001c6c      0x266 ./Drivers/STM32F1xx_HAL_Driver/Src/stm32f1xx_hal_tim_ex.o
 .debug_abbrev  0x0000000000001ed2      0x270 ./Drivers/STM32F1xx_HAL_Driver/Src/stm32f1xx_hal_uart.o
 .debug_abbrev  0x0000000000002142      0x3ed ./Middlewares/Third_Party/FreeRTOS/Source/CMSIS_RTOS_V2/cmsis_os2.o
 .debug_abbrev  0x000000000000252f      0x1f7 ./Middlewares/Third_Party/FreeRTOS/Source/list.o
 .debug_abbrev  0x0000000000002726      0x3a2 ./Middlewares/Third_Party/FreeRTOS/Source/queue.o
 .debug_abbrev  0x0000000000002ac8      0x39a ./Middlewares/Third_Party/FreeRTOS/Source/tasks.o
 .debug_abbrev  0x0000000000002e62      0x317 ./Middlewares/Third_Party/FreeRTOS/Source/timers.o
 .debug_abbrev  0x0000000000003179      0x22f ./Middlewares/Third_Party/FreeRTOS/Source/portable/GCC/ARM_CM3/port.o
 .debug_abbrev  0x00000000000033a8      0x2d3 ./Middlewares/Third_Party/FreeRTOS/Source/portable/MemMang/heap_4.o
 .debug_abbrev  0x000000000000367b      0x36d ./Middlewares/Third_Party/MODBUS-LIB/Src/Modbus.o
 .debug_abbrev  0x00000000000039e8      0x1e9 ./Middlewares/Third_Party/MODBUS-LIB/Src/UARTCallback.o

.debug_aranges  0x0000000000000000     0x1498
 .debug_aranges
                0x0000000000000000       0x30 ./Core/Src/freertos.o
 .debug_aranges
                0x0000000000000030       0x20 ./Core/Src/gpio.o
 .debug_aranges
                0x0000000000000050       0x38 ./Core/Src/main.o
 .debug_aranges
                0x0000000000000088       0x20 ./Core/Src/stm32f1xx_hal_msp.o
 .debug_aranges
                0x00000000000000a8       0x30 ./Core/Src/stm32f1xx_hal_timebase_tim.o
 .debug_aranges
                0x00000000000000d8       0x60 ./Core/Src/stm32f1xx_it.o
 .debug_aranges
                0x0000000000000138       0x28 ./Core/Src/system_stm32f1xx.o
 .debug_aranges
                0x0000000000000160       0x38 ./Core/Src/usart.o
 .debug_aranges
                0x0000000000000198       0x28 ./Core/Startup/startup_stm32f103c8tx.o
 .debug_aranges
                0x00000000000001c0       0xe0 ./Drivers/STM32F1xx_HAL_Driver/Src/stm32f1xx_hal.o
 .debug_aranges
                0x00000000000002a0      0x100 ./Drivers/STM32F1xx_HAL_Driver/Src/stm32f1xx_hal_cortex.o
 .debug_aranges
                0x00000000000003a0       0x80 ./Drivers/STM32F1xx_HAL_Driver/Src/stm32f1xx_hal_dma.o
 .debug_aranges
                0x0000000000000420       0x58 ./Drivers/STM32F1xx_HAL_Driver/Src/stm32f1xx_hal_gpio.o
 .debug_aranges
                0x0000000000000478       0x90 ./Drivers/STM32F1xx_HAL_Driver/Src/stm32f1xx_hal_rcc.o
 .debug_aranges
                0x0000000000000508      0x3d0 ./Drivers/STM32F1xx_HAL_Driver/Src/stm32f1xx_hal_tim.o
 .debug_aranges
                0x00000000000008d8      0x168 ./Drivers/STM32F1xx_HAL_Driver/Src/stm32f1xx_hal_tim_ex.o
 .debug_aranges
                0x0000000000000a40      0x1d0 ./Drivers/STM32F1xx_HAL_Driver/Src/stm32f1xx_hal_uart.o
 .debug_aranges
                0x0000000000000c10      0x228 ./Middlewares/Third_Party/FreeRTOS/Source/CMSIS_RTOS_V2/cmsis_os2.o
 .debug_aranges
                0x0000000000000e38       0x40 ./Middlewares/Third_Party/FreeRTOS/Source/list.o
 .debug_aranges
                0x0000000000000e78      0x158 ./Middlewares/Third_Party/FreeRTOS/Source/queue.o
 .debug_aranges
                0x0000000000000fd0      0x1f8 ./Middlewares/Third_Party/FreeRTOS/Source/tasks.o
 .debug_aranges
                0x00000000000011c8       0xe0 ./Middlewares/Third_Party/FreeRTOS/Source/timers.o
 .debug_aranges
                0x00000000000012a8       0x78 ./Middlewares/Third_Party/FreeRTOS/Source/portable/GCC/ARM_CM3/port.o
 .debug_aranges
                0x0000000000001320       0x50 ./Middlewares/Third_Party/FreeRTOS/Source/portable/MemMang/heap_4.o
 .debug_aranges
                0x0000000000001370      0x100 ./Middlewares/Third_Party/MODBUS-LIB/Src/Modbus.o
 .debug_aranges
                0x0000000000001470       0x28 ./Middlewares/Third_Party/MODBUS-LIB/Src/UARTCallback.o

.debug_ranges   0x0000000000000000     0x1300
 .debug_ranges  0x0000000000000000       0x20 ./Core/Src/freertos.o
 .debug_ranges  0x0000000000000020       0x10 ./Core/Src/gpio.o
 .debug_ranges  0x0000000000000030       0x28 ./Core/Src/main.o
 .debug_ranges  0x0000000000000058       0x10 ./Core/Src/stm32f1xx_hal_msp.o
 .debug_ranges  0x0000000000000068       0x20 ./Core/Src/stm32f1xx_hal_timebase_tim.o
 .debug_ranges  0x0000000000000088       0x50 ./Core/Src/stm32f1xx_it.o
 .debug_ranges  0x00000000000000d8       0x18 ./Core/Src/system_stm32f1xx.o
 .debug_ranges  0x00000000000000f0       0x28 ./Core/Src/usart.o
 .debug_ranges  0x0000000000000118       0x20 ./Core/Startup/startup_stm32f103c8tx.o
 .debug_ranges  0x0000000000000138       0xd0 ./Drivers/STM32F1xx_HAL_Driver/Src/stm32f1xx_hal.o
 .debug_ranges  0x0000000000000208       0xf0 ./Drivers/STM32F1xx_HAL_Driver/Src/stm32f1xx_hal_cortex.o
 .debug_ranges  0x00000000000002f8       0x70 ./Drivers/STM32F1xx_HAL_Driver/Src/stm32f1xx_hal_dma.o
 .debug_ranges  0x0000000000000368       0x48 ./Drivers/STM32F1xx_HAL_Driver/Src/stm32f1xx_hal_gpio.o
 .debug_ranges  0x00000000000003b0       0x80 ./Drivers/STM32F1xx_HAL_Driver/Src/stm32f1xx_hal_rcc.o
 .debug_ranges  0x0000000000000430      0x3c0 ./Drivers/STM32F1xx_HAL_Driver/Src/stm32f1xx_hal_tim.o
 .debug_ranges  0x00000000000007f0      0x158 ./Drivers/STM32F1xx_HAL_Driver/Src/stm32f1xx_hal_tim_ex.o
 .debug_ranges  0x0000000000000948      0x1c0 ./Drivers/STM32F1xx_HAL_Driver/Src/stm32f1xx_hal_uart.o
 .debug_ranges  0x0000000000000b08      0x218 ./Middlewares/Third_Party/FreeRTOS/Source/CMSIS_RTOS_V2/cmsis_os2.o
 .debug_ranges  0x0000000000000d20       0x30 ./Middlewares/Third_Party/FreeRTOS/Source/list.o
 .debug_ranges  0x0000000000000d50      0x148 ./Middlewares/Third_Party/FreeRTOS/Source/queue.o
 .debug_ranges  0x0000000000000e98      0x1e8 ./Middlewares/Third_Party/FreeRTOS/Source/tasks.o
 .debug_ranges  0x0000000000001080       0xd0 ./Middlewares/Third_Party/FreeRTOS/Source/timers.o
 .debug_ranges  0x0000000000001150       0x68 ./Middlewares/Third_Party/FreeRTOS/Source/portable/GCC/ARM_CM3/port.o
 .debug_ranges  0x00000000000011b8       0x40 ./Middlewares/Third_Party/FreeRTOS/Source/portable/MemMang/heap_4.o
 .debug_ranges  0x00000000000011f8       0xf0 ./Middlewares/Third_Party/MODBUS-LIB/Src/Modbus.o
 .debug_ranges  0x00000000000012e8       0x18 ./Middlewares/Third_Party/MODBUS-LIB/Src/UARTCallback.o

.debug_macro    0x0000000000000000    0x1a1c3
 .debug_macro   0x0000000000000000      0x2e7 ./Core/Src/freertos.o
 .debug_macro   0x00000000000002e7      0xa9c ./Core/Src/freertos.o
 .debug_macro   0x0000000000000d83      0x174 ./Core/Src/freertos.o
 .debug_macro   0x0000000000000ef7       0x22 ./Core/Src/freertos.o
 .debug_macro   0x0000000000000f19       0x8e ./Core/Src/freertos.o
 .debug_macro   0x0000000000000fa7       0x51 ./Core/Src/freertos.o
 .debug_macro   0x0000000000000ff8      0x103 ./Core/Src/freertos.o
 .debug_macro   0x00000000000010fb       0x6a ./Core/Src/freertos.o
 .debug_macro   0x0000000000001165      0x1df ./Core/Src/freertos.o
 .debug_macro   0x0000000000001344      0x122 ./Core/Src/freertos.o
 .debug_macro   0x0000000000001466      0x15a ./Core/Src/freertos.o
 .debug_macro   0x00000000000015c0       0xc2 ./Core/Src/freertos.o
 .debug_macro   0x0000000000001682       0x10 ./Core/Src/freertos.o
 .debug_macro   0x0000000000001692       0x1f ./Core/Src/freertos.o
 .debug_macro   0x00000000000016b1      0x47f ./Core/Src/freertos.o
 .debug_macro   0x0000000000001b30       0xb5 ./Core/Src/freertos.o
 .debug_macro   0x0000000000001be5       0x8c ./Core/Src/freertos.o
 .debug_macro   0x0000000000001c71      0x21b ./Core/Src/freertos.o
 .debug_macro   0x0000000000001e8c       0x2e ./Core/Src/freertos.o
 .debug_macro   0x0000000000001eba       0x22 ./Core/Src/freertos.o
 .debug_macro   0x0000000000001edc       0x1c ./Core/Src/freertos.o
 .debug_macro   0x0000000000001ef8       0x22 ./Core/Src/freertos.o
 .debug_macro   0x0000000000001f1a       0xc3 ./Core/Src/freertos.o
 .debug_macro   0x0000000000001fdd      0xd23 ./Core/Src/freertos.o
 .debug_macro   0x0000000000002d00     0xe097 ./Core/Src/freertos.o
 .debug_macro   0x0000000000010d97       0x43 ./Core/Src/freertos.o
 .debug_macro   0x0000000000010dda     0x3468 ./Core/Src/freertos.o
 .debug_macro   0x0000000000014242       0x5c ./Core/Src/freertos.o
 .debug_macro   0x000000000001429e      0x5be ./Core/Src/freertos.o
 .debug_macro   0x000000000001485c      0x289 ./Core/Src/freertos.o
 .debug_macro   0x0000000000014ae5      0x1cb ./Core/Src/freertos.o
 .debug_macro   0x0000000000014cb0      0x114 ./Core/Src/freertos.o
 .debug_macro   0x0000000000014dc4      0x1b2 ./Core/Src/freertos.o
 .debug_macro   0x0000000000014f76       0x27 ./Core/Src/freertos.o
 .debug_macro   0x0000000000014f9d      0x136 ./Core/Src/freertos.o
 .debug_macro   0x00000000000150d3      0x1bc ./Core/Src/freertos.o
 .debug_macro   0x000000000001528f       0x34 ./Core/Src/freertos.o
 .debug_macro   0x00000000000152c3       0x3c ./Core/Src/freertos.o
 .debug_macro   0x00000000000152ff       0x57 ./Core/Src/freertos.o
 .debug_macro   0x0000000000015356       0x88 ./Core/Src/freertos.o
 .debug_macro   0x00000000000153de      0x241 ./Core/Src/freertos.o
 .debug_macro   0x000000000001561f      0x141 ./Core/Src/freertos.o
 .debug_macro   0x0000000000015760      0x8d1 ./Core/Src/freertos.o
 .debug_macro   0x0000000000016031      0x26b ./Core/Src/freertos.o
 .debug_macro   0x000000000001629c       0x83 ./Core/Src/freertos.o
 .debug_macro   0x000000000001631f       0x22 ./Core/Src/freertos.o
 .debug_macro   0x0000000000016341       0x52 ./Core/Src/freertos.o
 .debug_macro   0x0000000000016393       0x18 ./Core/Src/freertos.o
 .debug_macro   0x00000000000163ab       0x3c ./Core/Src/freertos.o
 .debug_macro   0x00000000000163e7       0x3a ./Core/Src/freertos.o
 .debug_macro   0x0000000000016421       0x35 ./Core/Src/freertos.o
 .debug_macro   0x0000000000016456      0x460 ./Core/Src/freertos.o
 .debug_macro   0x00000000000168b6       0x22 ./Core/Src/freertos.o
 .debug_macro   0x00000000000168d8       0x5b ./Core/Src/freertos.o
 .debug_macro   0x0000000000016933       0x74 ./Core/Src/freertos.o
 .debug_macro   0x00000000000169a7       0xdd ./Core/Src/freertos.o
 .debug_macro   0x0000000000016a84       0x8d ./Core/Src/freertos.o
 .debug_macro   0x0000000000016b11       0x91 ./Core/Src/freertos.o
 .debug_macro   0x0000000000016ba2       0x10 ./Core/Src/freertos.o
 .debug_macro   0x0000000000016bb2       0x9a ./Core/Src/freertos.o
 .debug_macro   0x0000000000016c4c      0x2de ./Core/Src/gpio.o
 .debug_macro   0x0000000000016f2a      0x122 ./Core/Src/gpio.o
 .debug_macro   0x000000000001704c      0x2e2 ./Core/Src/main.o
 .debug_macro   0x000000000001732e      0x2d4 ./Core/Src/stm32f1xx_hal_msp.o
 .debug_macro   0x0000000000017602      0x1a3 ./Core/Src/stm32f1xx_hal_timebase_tim.o
 .debug_macro   0x00000000000177a5      0x2de ./Core/Src/stm32f1xx_it.o
 .debug_macro   0x0000000000017a83      0x1a3 ./Core/Src/system_stm32f1xx.o
 .debug_macro   0x0000000000017c26      0x2d4 ./Core/Src/usart.o
 .debug_macro   0x0000000000017efa      0x1c7 ./Drivers/STM32F1xx_HAL_Driver/Src/stm32f1xx_hal.o
 .debug_macro   0x00000000000180c1      0x1a3 ./Drivers/STM32F1xx_HAL_Driver/Src/stm32f1xx_hal_cortex.o
 .debug_macro   0x0000000000018264      0x1a3 ./Drivers/STM32F1xx_HAL_Driver/Src/stm32f1xx_hal_dma.o
 .debug_macro   0x0000000000018407      0x20e ./Drivers/STM32F1xx_HAL_Driver/Src/stm32f1xx_hal_gpio.o
 .debug_macro   0x0000000000018615      0x1b5 ./Drivers/STM32F1xx_HAL_Driver/Src/stm32f1xx_hal_rcc.o
 .debug_macro   0x00000000000187ca      0x1a4 ./Drivers/STM32F1xx_HAL_Driver/Src/stm32f1xx_hal_tim.o
 .debug_macro   0x000000000001896e      0x1a3 ./Drivers/STM32F1xx_HAL_Driver/Src/stm32f1xx_hal_tim_ex.o
 .debug_macro   0x0000000000018b11      0x1a4 ./Drivers/STM32F1xx_HAL_Driver/Src/stm32f1xx_hal_uart.o
 .debug_macro   0x0000000000018cb5      0x247 ./Middlewares/Third_Party/FreeRTOS/Source/CMSIS_RTOS_V2/cmsis_os2.o
 .debug_macro   0x0000000000018efc       0x10 ./Middlewares/Third_Party/FreeRTOS/Source/CMSIS_RTOS_V2/cmsis_os2.o
 .debug_macro   0x0000000000018f0c       0x20 ./Middlewares/Third_Party/FreeRTOS/Source/CMSIS_RTOS_V2/cmsis_os2.o
 .debug_macro   0x0000000000018f2c       0x10 ./Middlewares/Third_Party/FreeRTOS/Source/CMSIS_RTOS_V2/cmsis_os2.o
 .debug_macro   0x0000000000018f3c       0xb7 ./Middlewares/Third_Party/FreeRTOS/Source/CMSIS_RTOS_V2/cmsis_os2.o
 .debug_macro   0x0000000000018ff3      0x187 ./Middlewares/Third_Party/FreeRTOS/Source/list.o
 .debug_macro   0x000000000001917a      0x212 ./Middlewares/Third_Party/FreeRTOS/Source/queue.o
 .debug_macro   0x000000000001938c       0x16 ./Middlewares/Third_Party/FreeRTOS/Source/queue.o
 .debug_macro   0x00000000000193a2      0x287 ./Middlewares/Third_Party/FreeRTOS/Source/tasks.o
 .debug_macro   0x0000000000019629       0x10 ./Middlewares/Third_Party/FreeRTOS/Source/tasks.o
 .debug_macro   0x0000000000019639      0x1ca ./Middlewares/Third_Party/FreeRTOS/Source/timers.o
 .debug_macro   0x0000000000019803      0x172 ./Middlewares/Third_Party/FreeRTOS/Source/portable/GCC/ARM_CM3/port.o
 .debug_macro   0x0000000000019975      0x1ae ./Middlewares/Third_Party/FreeRTOS/Source/portable/MemMang/heap_4.o
 .debug_macro   0x0000000000019b23      0x310 ./Middlewares/Third_Party/MODBUS-LIB/Src/Modbus.o
 .debug_macro   0x0000000000019e33       0xbd ./Middlewares/Third_Party/MODBUS-LIB/Src/Modbus.o
 .debug_macro   0x0000000000019ef0      0x2d3 ./Middlewares/Third_Party/MODBUS-LIB/Src/UARTCallback.o

.debug_line     0x0000000000000000    0x18483
 .debug_line    0x0000000000000000      0x9e5 ./Core/Src/freertos.o
 .debug_line    0x00000000000009e5      0x988 ./Core/Src/gpio.o
 .debug_line    0x000000000000136d      0xa2a ./Core/Src/main.o
 .debug_line    0x0000000000001d97      0x97b ./Core/Src/stm32f1xx_hal_msp.o
 .debug_line    0x0000000000002712      0x6dc ./Core/Src/stm32f1xx_hal_timebase_tim.o
 .debug_line    0x0000000000002dee      0xa45 ./Core/Src/stm32f1xx_it.o
 .debug_line    0x0000000000003833      0x6fb ./Core/Src/system_stm32f1xx.o
 .debug_line    0x0000000000003f2e      0xa4f ./Core/Src/usart.o
 .debug_line    0x000000000000497d       0x84 ./Core/Startup/startup_stm32f103c8tx.o
 .debug_line    0x0000000000004a01      0x928 ./Drivers/STM32F1xx_HAL_Driver/Src/stm32f1xx_hal.o
 .debug_line    0x0000000000005329      0xb10 ./Drivers/STM32F1xx_HAL_Driver/Src/stm32f1xx_hal_cortex.o
 .debug_line    0x0000000000005e39      0xd80 ./Drivers/STM32F1xx_HAL_Driver/Src/stm32f1xx_hal_dma.o
 .debug_line    0x0000000000006bb9      0x9bf ./Drivers/STM32F1xx_HAL_Driver/Src/stm32f1xx_hal_gpio.o
 .debug_line    0x0000000000007578      0xd36 ./Drivers/STM32F1xx_HAL_Driver/Src/stm32f1xx_hal_rcc.o
 .debug_line    0x00000000000082ae     0x32d0 ./Drivers/STM32F1xx_HAL_Driver/Src/stm32f1xx_hal_tim.o
 .debug_line    0x000000000000b57e     0x19ce ./Drivers/STM32F1xx_HAL_Driver/Src/stm32f1xx_hal_tim_ex.o
 .debug_line    0x000000000000cf4c     0x1732 ./Drivers/STM32F1xx_HAL_Driver/Src/stm32f1xx_hal_uart.o
 .debug_line    0x000000000000e67e     0x2458 ./Middlewares/Third_Party/FreeRTOS/Source/CMSIS_RTOS_V2/cmsis_os2.o
 .debug_line    0x0000000000010ad6      0x70a ./Middlewares/Third_Party/FreeRTOS/Source/list.o
 .debug_line    0x00000000000111e0     0x16cd ./Middlewares/Third_Party/FreeRTOS/Source/queue.o
 .debug_line    0x00000000000128ad     0x1d25 ./Middlewares/Third_Party/FreeRTOS/Source/tasks.o
 .debug_line    0x00000000000145d2      0xc9a ./Middlewares/Third_Party/FreeRTOS/Source/timers.o
 .debug_line    0x000000000001526c      0x755 ./Middlewares/Third_Party/FreeRTOS/Source/portable/GCC/ARM_CM3/port.o
 .debug_line    0x00000000000159c1      0x8cc ./Middlewares/Third_Party/FreeRTOS/Source/portable/MemMang/heap_4.o
 .debug_line    0x000000000001628d     0x1794 ./Middlewares/Third_Party/MODBUS-LIB/Src/Modbus.o
 .debug_line    0x0000000000017a21      0xa62 ./Middlewares/Third_Party/MODBUS-LIB/Src/UARTCallback.o

.debug_str      0x0000000000000000    0x949b7
 .debug_str     0x0000000000000000    0x8a7f8 ./Core/Src/freertos.o
                                      0x8ac02 (size before relaxing)
 .debug_str     0x000000000008a7f8       0xdb ./Core/Src/gpio.o
                                      0x89e30 (size before relaxing)
 .debug_str     0x000000000008a8d3      0x402 ./Core/Src/main.o
                                      0x8a1ff (size before relaxing)
 .debug_str     0x000000000008acd5      0x2be ./Core/Src/stm32f1xx_hal_msp.o
                                      0x8a0eb (size before relaxing)
 .debug_str     0x000000000008af93       0xaa ./Core/Src/stm32f1xx_hal_timebase_tim.o
                                      0x837fc (size before relaxing)
 .debug_str     0x000000000008b03d       0xc6 ./Core/Src/stm32f1xx_it.o
                                      0x8a11f (size before relaxing)
 .debug_str     0x000000000008b103       0x52 ./Core/Src/system_stm32f1xx.o
                                      0x82f9e (size before relaxing)
 .debug_str     0x000000000008b155       0x6b ./Core/Src/usart.o
                                      0x8a14e (size before relaxing)
 .debug_str     0x000000000008b1c0       0x36 ./Core/Startup/startup_stm32f103c8tx.o
                                         0x97 (size before relaxing)
 .debug_str     0x000000000008b1f6      0x2b9 ./Drivers/STM32F1xx_HAL_Driver/Src/stm32f1xx_hal.o
                                      0x8362f (size before relaxing)
 .debug_str     0x000000000008b4af      0x2f7 ./Drivers/STM32F1xx_HAL_Driver/Src/stm32f1xx_hal_cortex.o
                                      0x83637 (size before relaxing)
 .debug_str     0x000000000008b7a6      0x235 ./Drivers/STM32F1xx_HAL_Driver/Src/stm32f1xx_hal_dma.o
                                      0x83379 (size before relaxing)
 .debug_str     0x000000000008b9db      0x31f ./Drivers/STM32F1xx_HAL_Driver/Src/stm32f1xx_hal_gpio.o
                                      0x83362 (size before relaxing)
 .debug_str     0x000000000008bcfa      0x245 ./Drivers/STM32F1xx_HAL_Driver/Src/stm32f1xx_hal_rcc.o
                                      0x8339b (size before relaxing)
 .debug_str     0x000000000008bf3f      0xe42 ./Drivers/STM32F1xx_HAL_Driver/Src/stm32f1xx_hal_tim.o
                                      0x8436d (size before relaxing)
 .debug_str     0x000000000008cd81      0x561 ./Drivers/STM32F1xx_HAL_Driver/Src/stm32f1xx_hal_tim_ex.o
                                      0x83b47 (size before relaxing)
 .debug_str     0x000000000008d2e2      0x533 ./Drivers/STM32F1xx_HAL_Driver/Src/stm32f1xx_hal_uart.o
                                      0x838a1 (size before relaxing)
 .debug_str     0x000000000008d815     0x3da9 ./Middlewares/Third_Party/FreeRTOS/Source/CMSIS_RTOS_V2/cmsis_os2.o
                                       0xe0e0 (size before relaxing)
 .debug_str     0x00000000000915be      0x215 ./Middlewares/Third_Party/FreeRTOS/Source/list.o
                                       0xa739 (size before relaxing)
 .debug_str     0x00000000000917d3      0x8f4 ./Middlewares/Third_Party/FreeRTOS/Source/queue.o
                                       0xbf63 (size before relaxing)
 .debug_str     0x00000000000920c7     0x12f3 ./Middlewares/Third_Party/FreeRTOS/Source/tasks.o
                                       0xcb79 (size before relaxing)
 .debug_str     0x00000000000933ba      0x586 ./Middlewares/Third_Party/FreeRTOS/Source/timers.o
                                       0xc481 (size before relaxing)
 .debug_str     0x0000000000093940      0x6ee ./Middlewares/Third_Party/FreeRTOS/Source/portable/GCC/ARM_CM3/port.o
                                       0x8093 (size before relaxing)
 .debug_str     0x000000000009402e      0x251 ./Middlewares/Third_Party/FreeRTOS/Source/portable/MemMang/heap_4.o
                                       0xae5c (size before relaxing)
 .debug_str     0x000000000009427f      0x6cc ./Middlewares/Third_Party/MODBUS-LIB/Src/Modbus.o
                                      0x8b356 (size before relaxing)
 .debug_str     0x000000000009494b       0x6c ./Middlewares/Third_Party/MODBUS-LIB/Src/UARTCallback.o
                                      0x89e7c (size before relaxing)

.comment        0x0000000000000000       0x53
 .comment       0x0000000000000000       0x53 ./Core/Src/freertos.o
                                         0x54 (size before relaxing)
 .comment       0x0000000000000053       0x54 ./Core/Src/gpio.o
 .comment       0x0000000000000053       0x54 ./Core/Src/main.o
 .comment       0x0000000000000053       0x54 ./Core/Src/stm32f1xx_hal_msp.o
 .comment       0x0000000000000053       0x54 ./Core/Src/stm32f1xx_hal_timebase_tim.o
 .comment       0x0000000000000053       0x54 ./Core/Src/stm32f1xx_it.o
 .comment       0x0000000000000053       0x54 ./Core/Src/system_stm32f1xx.o
 .comment       0x0000000000000053       0x54 ./Core/Src/usart.o
 .comment       0x0000000000000053       0x54 ./Drivers/STM32F1xx_HAL_Driver/Src/stm32f1xx_hal.o
 .comment       0x0000000000000053       0x54 ./Drivers/STM32F1xx_HAL_Driver/Src/stm32f1xx_hal_cortex.o
 .comment       0x0000000000000053       0x54 ./Drivers/STM32F1xx_HAL_Driver/Src/stm32f1xx_hal_dma.o
 .comment       0x0000000000000053       0x54 ./Drivers/STM32F1xx_HAL_Driver/Src/stm32f1xx_hal_gpio.o
 .comment       0x0000000000000053       0x54 ./Drivers/STM32F1xx_HAL_Driver/Src/stm32f1xx_hal_rcc.o
 .comment       0x0000000000000053       0x54 ./Drivers/STM32F1xx_HAL_Driver/Src/stm32f1xx_hal_tim.o
 .comment       0x0000000000000053       0x54 ./Drivers/STM32F1xx_HAL_Driver/Src/stm32f1xx_hal_tim_ex.o
 .comment       0x0000000000000053       0x54 ./Drivers/STM32F1xx_HAL_Driver/Src/stm32f1xx_hal_uart.o
 .comment       0x0000000000000053       0x54 ./Middlewares/Third_Party/FreeRTOS/Source/CMSIS_RTOS_V2/cmsis_os2.o
 .comment       0x0000000000000053       0x54 ./Middlewares/Third_Party/FreeRTOS/Source/list.o
 .comment       0x0000000000000053       0x54 ./Middlewares/Third_Party/FreeRTOS/Source/queue.o
 .comment       0x0000000000000053       0x54 ./Middlewares/Third_Party/FreeRTOS/Source/tasks.o
 .comment       0x0000000000000053       0x54 ./Middlewares/Third_Party/FreeRTOS/Source/timers.o
 .comment       0x0000000000000053       0x54 ./Middlewares/Third_Party/FreeRTOS/Source/portable/GCC/ARM_CM3/port.o
 .comment       0x0000000000000053       0x54 ./Middlewares/Third_Party/FreeRTOS/Source/portable/MemMang/heap_4.o
 .comment       0x0000000000000053       0x54 ./Middlewares/Third_Party/MODBUS-LIB/Src/Modbus.o
 .comment       0x0000000000000053       0x54 ./Middlewares/Third_Party/MODBUS-LIB/Src/UARTCallback.o

.debug_frame    0x0000000000000000     0x5524
 .debug_frame   0x0000000000000000       0x6c ./Core/Src/freertos.o
 .debug_frame   0x000000000000006c       0x34 ./Core/Src/gpio.o
 .debug_frame   0x00000000000000a0       0x8c ./Core/Src/main.o
 .debug_frame   0x000000000000012c       0x34 ./Core/Src/stm32f1xx_hal_msp.o
 .debug_frame   0x0000000000000160       0x74 ./Core/Src/stm32f1xx_hal_timebase_tim.o
 .debug_frame   0x00000000000001d4       0xfc ./Core/Src/stm32f1xx_it.o
 .debug_frame   0x00000000000002d0       0x58 ./Core/Src/system_stm32f1xx.o
 .debug_frame   0x0000000000000328       0x90 ./Core/Src/usart.o
 .debug_frame   0x00000000000003b8      0x334 ./Drivers/STM32F1xx_HAL_Driver/Src/stm32f1xx_hal.o
 .debug_frame   0x00000000000006ec      0x428 ./Drivers/STM32F1xx_HAL_Driver/Src/stm32f1xx_hal_cortex.o
 .debug_frame   0x0000000000000b14      0x208 ./Drivers/STM32F1xx_HAL_Driver/Src/stm32f1xx_hal_dma.o
 .debug_frame   0x0000000000000d1c      0x14c ./Drivers/STM32F1xx_HAL_Driver/Src/stm32f1xx_hal_gpio.o